Component: ARM Compiler 5.06 update 7 (build 960) Tool: armlink [4d3601]

==============================================================================

Section Cross References

    startup_stm32g071xx.o(RESET) refers to startup_stm32g071xx.o(STACK) for __initial_sp
    startup_stm32g071xx.o(RESET) refers to startup_stm32g071xx.o(.text) for Reset_Handler
    startup_stm32g071xx.o(RESET) refers to stm32g0xx_it.o(i.NMI_Handler) for NMI_Handler
    startup_stm32g071xx.o(RESET) refers to stm32g0xx_it.o(i.HardFault_Handler) for HardFault_Handler
    startup_stm32g071xx.o(RESET) refers to stm32g0xx_it.o(i.SVC_Handler) for SVC_Handler
    startup_stm32g071xx.o(RESET) refers to stm32g0xx_it.o(i.PendSV_Handler) for PendSV_Handler
    startup_stm32g071xx.o(RESET) refers to timer.o(i.SysTick_Handler) for SysTick_Handler
    startup_stm32g071xx.o(RESET) refers to stm32g0xx_it.o(i.DMA1_Channel1_IRQHandler) for DMA1_Channel1_IRQHandler
    startup_stm32g071xx.o(.text) refers to system_stm32g0xx.o(i.SystemInit) for SystemInit
    startup_stm32g071xx.o(.text) refers to entry.o(.ARM.Collect$$$$00000000) for __main
    main.o(i.main) refers to terminal.o(i.terminal_init) for terminal_init
    main.o(i.main) refers to terminal.o(i.parse) for parse
    main.o(i.main) refers to terminal.o(i.execCommand) for execCommand
    stm32g0xx_it.o(i.DMA1_Channel1_IRQHandler) refers to stm32g0xx_hal_dma.o(i.HAL_DMA_IRQHandler) for HAL_DMA_IRQHandler
    stm32g0xx_it.o(i.DMA1_Channel1_IRQHandler) refers to dma.o(.bss) for hdma_adc1
    stm32g0xx_hal_msp.o(i.HAL_ADC_MspDeInit) refers to stm32g0xx_hal_gpio.o(i.HAL_GPIO_DeInit) for HAL_GPIO_DeInit
    stm32g0xx_hal_msp.o(i.HAL_ADC_MspDeInit) refers to stm32g0xx_hal_dma.o(i.HAL_DMA_DeInit) for HAL_DMA_DeInit
    stm32g0xx_hal_msp.o(i.HAL_ADC_MspInit) refers to memseta.o(.text) for __aeabi_memclr4
    stm32g0xx_hal_msp.o(i.HAL_ADC_MspInit) refers to stm32g0xx_hal_gpio.o(i.HAL_GPIO_Init) for HAL_GPIO_Init
    stm32g0xx_hal_msp.o(i.HAL_ADC_MspInit) refers to stm32g0xx_hal_dma.o(i.HAL_DMA_Init) for HAL_DMA_Init
    stm32g0xx_hal_msp.o(i.HAL_ADC_MspInit) refers to main.o(i.Error_Handler) for Error_Handler
    stm32g0xx_hal_msp.o(i.HAL_ADC_MspInit) refers to dma.o(.bss) for hdma_adc1
    stm32g0xx_hal_msp.o(i.HAL_DAC_MspDeInit) refers to stm32g0xx_hal_gpio.o(i.HAL_GPIO_DeInit) for HAL_GPIO_DeInit
    stm32g0xx_hal_msp.o(i.HAL_DAC_MspInit) refers to memseta.o(.text) for __aeabi_memclr4
    stm32g0xx_hal_msp.o(i.HAL_DAC_MspInit) refers to stm32g0xx_hal_gpio.o(i.HAL_GPIO_Init) for HAL_GPIO_Init
    stm32g0xx_hal_msp.o(i.HAL_I2C_MspDeInit) refers to stm32g0xx_hal_gpio.o(i.HAL_GPIO_DeInit) for HAL_GPIO_DeInit
    stm32g0xx_hal_msp.o(i.HAL_I2C_MspInit) refers to memseta.o(.text) for __aeabi_memclr4
    stm32g0xx_hal_msp.o(i.HAL_I2C_MspInit) refers to stm32g0xx_hal_gpio.o(i.HAL_GPIO_Init) for HAL_GPIO_Init
    stm32g0xx_hal_msp.o(i.HAL_MspInit) refers to stm32g0xx_hal.o(i.HAL_SYSCFG_StrobeDBattpinsConfig) for HAL_SYSCFG_StrobeDBattpinsConfig
    stm32g0xx_hal_msp.o(i.HAL_TIM_MspPostInit) refers to memseta.o(.text) for __aeabi_memclr4
    stm32g0xx_hal_msp.o(i.HAL_TIM_MspPostInit) refers to stm32g0xx_hal_gpio.o(i.HAL_GPIO_Init) for HAL_GPIO_Init
    stm32g0xx_hal_msp.o(i.HAL_UART_MspDeInit) refers to stm32g0xx_hal_gpio.o(i.HAL_GPIO_DeInit) for HAL_GPIO_DeInit
    stm32g0xx_hal_msp.o(i.HAL_UART_MspInit) refers to memseta.o(.text) for __aeabi_memclr4
    stm32g0xx_hal_msp.o(i.HAL_UART_MspInit) refers to stm32g0xx_hal_gpio.o(i.HAL_GPIO_Init) for HAL_GPIO_Init
    terminal.o(i.execCommand) refers to terminal.o(i.__ARM_common_switch8) for __ARM_common_switch8
    terminal.o(i.execCommand) refers to terminal.o(i.toggleLED) for toggleLED
    terminal.o(i.execCommand) refers to terminal.o(i.showHelp) for showHelp
    terminal.o(i.execCommand) refers to terminal.o(i.sendEcho) for sendEcho
    terminal.o(i.execCommand) refers to terminal.o(i.showADC_Values) for showADC_Values
    terminal.o(i.execCommand) refers to terminal.o(i.showADC_DMA_Values) for showADC_DMA_Values
    terminal.o(i.execCommand) refers to terminal.o(i.showProgramRunningTime) for showProgramRunningTime
    terminal.o(i.execCommand) refers to terminal.o(i.setPWMDutyCycle) for setPWMDutyCycle
    terminal.o(i.execCommand) refers to terminal.o(i.t_dac) for t_dac
    terminal.o(i.execCommand) refers to terminal.o(i.memoryWriteRead) for memoryWriteRead
    terminal.o(i.execCommand) refers to terminal.o(.data) for .data
    terminal.o(i.memoryWriteRead) refers to strcmp.o(.text) for strcmp
    terminal.o(i.memoryWriteRead) refers to uart.o(i.UART_Transmit) for UART_Transmit
    terminal.o(i.memoryWriteRead) refers to strlen.o(.text) for strlen
    terminal.o(i.memoryWriteRead) refers to malloc.o(i.malloc) for malloc
    terminal.o(i.memoryWriteRead) refers to printfa.o(i.__0sprintf) for sprintf
    terminal.o(i.memoryWriteRead) refers to i2c.o(i.memWrite) for memWrite
    terminal.o(i.memoryWriteRead) refers to atoi.o(.text) for atoi
[...]
    .text                                    0x08000e74   Section       40  cdrcmple.o(.text)
    .text                                    0x08000e9c   Section        0  d2f.o(.text)
    .text                                    0x08000ed4   Section       36  init.o(.text)
    .text                                    0x08000ef8   Section        0  llsshr.o(.text)
    .text                                    0x08000f20   Section        0  ctype_o.o(.text)
    .text                                    0x08000f28   Section        0  isspace_o.o(.text)
    .text                                    0x08000f3c   Section        0  _scanf.o(.text)
    .text                                    0x08001278   Section        0  _strtoul.o(.text)
    .text                                    0x0800131e   Section        0  depilogue.o(.text)
    i.ADC_ConversionStop                     0x080013dc   Section        0  stm32g0xx_hal_adc.o(i.ADC_ConversionStop)
    i.ADC_DMAConvCplt                        0x08001434   Section        0  stm32g0xx_hal_adc.o(i.ADC_DMAConvCplt)
    ADC_DMAConvCplt                          0x08001435   Thumb Code   128  stm32g0xx_hal_adc.o(i.ADC_DMAConvCplt)
    i.ADC_DMAError                           0x080014b4   Section        0  stm32g0xx_hal_adc.o(i.ADC_DMAError)
    ADC_DMAError                             0x080014b5   Thumb Code    26  stm32g0xx_hal_adc.o(i.ADC_DMAError)
    i.ADC_DMAHalfConvCplt                    0x080014ce   Section        0  stm32g0xx_hal_adc.o(i.ADC_DMAHalfConvCplt)
    ADC_DMAHalfConvCplt                      0x080014cf   Thumb Code    10  stm32g0xx_hal_adc.o(i.ADC_DMAHalfConvCplt)
    i.ADC_DMA_Start_Acquisition              0x080014d8   Section        0  adc.o(i.ADC_DMA_Start_Acquisition)
    i.ADC_DMA_Stop_Acquisition               0x080014ec   Section        0  adc.o(i.ADC_DMA_Stop_Acquisition)
    i.ADC_Disable                            0x080014fc   Section        0  stm32g0xx_hal_adc.o(i.ADC_Disable)
    i.ADC_Enable                             0x08001568   Section        0  stm32g0xx_hal_adc.o(i.ADC_Enable)
    i.ADC_GetValue                           0x08001610   Section        0  adc.o(i.ADC_GetValue)
    i.ADC_Start                              0x08001638   Section        0  adc.o(i.ADC_Start)
    i.DAC_GetValue                           0x08001648   Section        0  dac.o(i.DAC_GetValue)
    i.DAC_SetValue                           0x08001658   Section        0  dac.o(i.DAC_SetValue)
    i.DAC_Start                              0x08001694   Section        0  dac.o(i.DAC_Start)
    i.DAC_Stop                               0x080016a4   Section        0  dac.o(i.DAC_Stop)
    i.DMA1_Channel1_IRQHandler               0x080016b4   Section        0  stm32g0xx_it.o(i.DMA1_Channel1_IRQHandler)
    i.DMA_CalcDMAMUXChannelBaseAndMask       0x080016c4   Section        0  stm32g0xx_hal_dma.o(i.DMA_CalcDMAMUXChannelBaseAndMask)
    DMA_CalcDMAMUXChannelBaseAndMask         0x080016c5   Thumb Code    44  stm32g0xx_hal_dma.o(i.DMA_CalcDMAMUXChannelBaseAndMask)
    i.DMA_CalcDMAMUXRequestGenBaseAndMask    0x080016f4   Section        0  stm32g0xx_hal_dma.o(i.DMA_CalcDMAMUXRequestGenBaseAndMask)
    DMA_CalcDMAMUXRequestGenBaseAndMask      0x080016f5   Thumb Code    34  stm32g0xx_hal_dma.o(i.DMA_CalcDMAMUXRequestGenBaseAndMask)
    i.DMA_SetConfig                          0x0800171c   Section        0  stm32g0xx_hal_dma.o(i.DMA_SetConfig)
    DMA_SetConfig                            0x0800171d   Thumb Code    66  stm32g0xx_hal_dma.o(i.DMA_SetConfig)
    i.Error_Handler                          0x08001764   Section        0  main.o(i.Error_Handler)
    i.HAL_ADC_ConfigChannel                  0x08001768   Section        0  stm32g0xx_hal_adc.o(i.HAL_ADC_ConfigChannel)
    i.HAL_ADC_ConvCpltCallback               0x0800198c   Section        0  stm32g0xx_hal_adc.o(i.HAL_ADC_ConvCpltCallback)
    i.HAL_ADC_ConvHalfCpltCallback           0x0800198e   Section        0  stm32g0xx_hal_adc.o(i.HAL_ADC_ConvHalfCpltCallback)
    i.HAL_ADC_ErrorCallback                  0x08001990   Section        0  stm32g0xx_hal_adc.o(i.HAL_ADC_ErrorCallback)
    i.HAL_ADC_GetValue                       0x08001992   Section        0  stm32g0xx_hal_adc.o(i.HAL_ADC_GetValue)
    i.HAL_ADC_Init                           0x08001998   Section        0  stm32g0xx_hal_adc.o(i.HAL_ADC_Init)
    i.HAL_ADC_MspInit                        0x08001be4   Section        0  stm32g0xx_hal_msp.o(i.HAL_ADC_MspInit)
    i.HAL_ADC_PollForConversion              0x08001c78   Section        0  stm32g0xx_hal_adc.o(i.HAL_ADC_PollForConversion)
    i.HAL_ADC_Start                          0x08001d38   Section        0  stm32g0xx_hal_adc.o(i.HAL_ADC_Start)
    i.HAL_ADC_Start_DMA                      0x08001da0   Section        0  stm32g0xx_hal_adc.o(i.HAL_ADC_Start_DMA)
    i.HAL_ADC_Stop                           0x08001e54   Section        0  stm32g0xx_hal_adc.o(i.HAL_ADC_Stop)
    i.HAL_ADC_Stop_DMA                       0x08001e92   Section        0  stm32g0xx_hal_adc.o(i.HAL_ADC_Stop_DMA)
    i.HAL_DAC_ConfigChannel                  0x08001f0c   Section        0  stm32g0xx_hal_dac.o(i.HAL_DAC_ConfigChannel)
    i.HAL_DAC_GetValue                       0x08002020   Section        0  stm32g0xx_hal_dac.o(i.HAL_DAC_GetValue)
    i.HAL_DAC_Init                           0x0800202e   Section        0  stm32g0xx_hal_dac.o(i.HAL_DAC_Init)
    i.HAL_DAC_MspInit                        0x08002058   Section        0  stm32g0xx_hal_msp.o(i.HAL_DAC_MspInit)
    i.HAL_DAC_SetValue                       0x080020b0   Section        0  stm32g0xx_hal_dac.o(i.HAL_DAC_SetValue)
    i.HAL_DAC_Start                          0x080020cc   Section        0  stm32g0xx_hal_dac.o(i.HAL_DAC_Start)
    i.HAL_DAC_Stop                           0x0800212a   Section        0  stm32g0xx_hal_dac.o(i.HAL_DAC_Stop)
    i.HAL_DMA_Abort                          0x08002144   Section        0  stm32g0xx_hal_dma.o(i.HAL_DMA_Abort)
    i.HAL_DMA_IRQHandler                     0x080021b8   Section        0  stm32g0xx_hal_dma.o(i.HAL_DMA_IRQHandler)
    i.HAL_DMA_Init                           0x08002270   Section        0  stm32g0xx_hal_dma.o(i.HAL_DMA_Init)
    i.HAL_DMA_Start_IT                       0x08002314   Section        0  stm32g0xx_hal_dma.o(i.HAL_DMA_Start_IT)
    i.HAL_Delay                              0x080023a0   Section        0  stm32g0xx_hal.o(i.HAL_Delay)
    i.HAL_GPIO_Init                          0x080023c4   Section        0  stm32g0xx_hal_gpio.o(i.HAL_GPIO_Init)
    i.HAL_GPIO_TogglePin                     0x08002520   Section        0  stm32g0xx_hal_gpio.o(i.HAL_GPIO_TogglePin)
    i.HAL_GPIO_WritePin                      0x08002530   Section        0  stm32g0xx_hal_gpio.o(i.HAL_GPIO_WritePin)
    i.HAL_GetTick                            0x0800253c   Section        0  stm32g0xx_hal.o(i.HAL_GetTick)
    i.HAL_I2CEx_ConfigAnalogFilter           0x08002548   Section        0  stm32g0xx_hal_i2c_ex.o(i.HAL_I2CEx_ConfigAnalogFilter)
    i.HAL_I2CEx_ConfigDigitalFilter          0x08002592   Section        0  stm32g0xx_hal_i2c_ex.o(i.HAL_I2CEx_ConfigDigitalFilter)
    i.HAL_I2C_Init                           0x080025dc   Section        0  stm32g0xx_hal_i2c.o(i.HAL_I2C_Init)
    i.HAL_I2C_Mem_Read                       0x08002690   Section        0  stm32g0xx_hal_i2c.o(i.HAL_I2C_Mem_Read)
    i.HAL_I2C_Mem_Write                      0x080027e4   Section        0  stm32g0xx_hal_i2c.o(i.HAL_I2C_Mem_Write)
    i.HAL_I2C_MspInit                        0x08002930   Section        0  stm32g0xx_hal_msp.o(i.HAL_I2C_MspInit)
    i.HAL_IncTick                            0x08002994   Section        0  stm32g0xx_hal.o(i.HAL_IncTick)
    i.HAL_Init                               0x080029a4   Section        0  stm32g0xx_hal.o(i.HAL_Init)
    i.HAL_InitTick                           0x080029cc   Section        0  stm32g0xx_hal.o(i.HAL_InitTick)
    i.HAL_MspInit                            0x08002a14   Section        0  stm32g0xx_hal_msp.o(i.HAL_MspInit)
    i.HAL_NVIC_EnableIRQ                     0x08002a48   Section        0  stm32g0xx_hal_cortex.o(i.HAL_NVIC_EnableIRQ)
    i.HAL_NVIC_SetPriority                   0x08002a60   Section        0  stm32g0xx_hal_cortex.o(i.HAL_NVIC_SetPriority)
    i.HAL_PWREx_ControlVoltageScaling        0x08002a68   Section        0  stm32g0xx_hal_pwr_ex.o(i.HAL_PWREx_ControlVoltageScaling)
    i.HAL_RCCEx_PeriphCLKConfig              0x08002ab4   Section        0  stm32g0xx_hal_rcc_ex.o(i.HAL_RCCEx_PeriphCLKConfig)
    i.HAL_RCC_ClockConfig                    0x08002c94   Section        0  stm32g0xx_hal_rcc.o(i.HAL_RCC_ClockConfig)
    i.HAL_RCC_GetPCLK1Freq                   0x08002dec   Section        0  stm32g0xx_hal_rcc.o(i.HAL_RCC_GetPCLK1Freq)
    i.HAL_RCC_GetSysClockFreq                0x08002e14   Section        0  stm32g0xx_hal_rcc.o(i.HAL_RCC_GetSysClockFreq)
    i.HAL_RCC_OscConfig                      0x08002ea0   Section        0  stm32g0xx_hal_rcc.o(i.HAL_RCC_OscConfig)
    i.HAL_SYSCFG_StrobeDBattpinsConfig       0x08003290   Section        0  stm32g0xx_hal.o(i.HAL_SYSCFG_StrobeDBattpinsConfig)
    i.HAL_SYSTICK_Config                     0x080032a4   Section        0  stm32g0xx_hal_cortex.o(i.HAL_SYSTICK_Config)
    i.HAL_TIMEx_MasterConfigSynchronization  0x080032d4   Section        0  stm32g0xx_hal_tim_ex.o(i.HAL_TIMEx_MasterConfigSynchronization)
    i.HAL_TIM_Base_Init                      0x08003348   Section        0  stm32g0xx_hal_tim.o(i.HAL_TIM_Base_Init)
    i.HAL_TIM_Base_MspInit                   0x08003394   Section        0  stm32g0xx_hal_msp.o(i.HAL_TIM_Base_MspInit)
    i.HAL_TIM_ConfigClockSource              0x080033d4   Section        0  stm32g0xx_hal_tim.o(i.HAL_TIM_ConfigClockSource)
    i.HAL_TIM_MspPostInit                    0x080034ac   Section        0  stm32g0xx_hal_msp.o(i.HAL_TIM_MspPostInit)
    i.HAL_TIM_PWM_ConfigChannel              0x080034f4   Section        0  stm32g0xx_hal_tim.o(i.HAL_TIM_PWM_ConfigChannel)
    i.HAL_TIM_PWM_Init                       0x08003612   Section        0  stm32g0xx_hal_tim.o(i.HAL_TIM_PWM_Init)
    i.HAL_TIM_PWM_MspInit                    0x0800365e   Section        0  stm32g0xx_hal_tim.o(i.HAL_TIM_PWM_MspInit)
    i.HAL_TIM_PWM_Start                      0x08003660   Section        0  stm32g0xx_hal_tim.o(i.HAL_TIM_PWM_Start)
    i.HAL_UARTEx_DisableFifoMode             0x08003734   Section        0  stm32g0xx_hal_uart_ex.o(i.HAL_UARTEx_DisableFifoMode)
    i.HAL_UARTEx_SetRxFifoThreshold          0x08003770   Section        0  stm32g0xx_hal_uart_ex.o(i.HAL_UARTEx_SetRxFifoThreshold)
    i.HAL_UARTEx_SetTxFifoThreshold          0x080037b8   Section        0  stm32g0xx_hal_uart_ex.o(i.HAL_UARTEx_SetTxFifoThreshold)
    i.HAL_UART_Init                          0x080037fe   Section        0  stm32g0xx_hal_uart.o(i.HAL_UART_Init)
    i.HAL_UART_MspInit                       0x0800386c   Section        0  stm32g0xx_hal_msp.o(i.HAL_UART_MspInit)
    i.HAL_UART_Receive                       0x080038c8   Section        0  stm32g0xx_hal_uart.o(i.HAL_UART_Receive)
    i.HAL_UART_Transmit                      0x080039dc   Section        0  stm32g0xx_hal_uart.o(i.HAL_UART_Transmit)
    i.HardFault_Handler                      0x08003ab4   Section        0  stm32g0xx_it.o(i.HardFault_Handler)
    i.I2C_Flush_TXDR                         0x08003ab6   Section        0  stm32g0xx_hal_i2c.o(i.I2C_Flush_TXDR)
    I2C_Flush_TXDR                           0x08003ab7   Thumb Code    34  stm32g0xx_hal_i2c.o(i.I2C_Flush_TXDR)
    i.I2C_IsAcknowledgeFailed                0x08003ad8   Section        0  stm32g0xx_hal_i2c.o(i.I2C_IsAcknowledgeFailed)
    I2C_IsAcknowledgeFailed                  0x08003ad9   Thumb Code   108  stm32g0xx_hal_i2c.o(i.I2C_IsAcknowledgeFailed)
    i.I2C_RequestMemoryRead                  0x08003b48   Section        0  stm32g0xx_hal_i2c.o(i.I2C_RequestMemoryRead)
    I2C_RequestMemoryRead                    0x08003b49   Thumb Code    92  stm32g0xx_hal_i2c.o(i.I2C_RequestMemoryRead)
    i.I2C_RequestMemoryWrite                 0x08003ba8   Section        0  stm32g0xx_hal_i2c.o(i.I2C_RequestMemoryWrite)
    I2C_RequestMemoryWrite                   0x08003ba9   Thumb Code    92  stm32g0xx_hal_i2c.o(i.I2C_RequestMemoryWrite)
    i.I2C_TransferConfig                     0x08003c08   Section        0  stm32g0xx_hal_i2c.o(i.I2C_TransferConfig)
    I2C_TransferConfig                       0x08003c09   Thumb Code    34  stm32g0xx_hal_i2c.o(i.I2C_TransferConfig)
    i.I2C_WaitOnFlagUntilTimeout             0x08003c30   Section        0  stm32g0xx_hal_i2c.o(i.I2C_WaitOnFlagUntilTimeout)
    I2C_WaitOnFlagUntilTimeout               0x08003c31   Thumb Code    78  stm32g0xx_hal_i2c.o(i.I2C_WaitOnFlagUntilTimeout)
    i.I2C_WaitOnSTOPFlagUntilTimeout         0x08003c7e   Section        0  stm32g0xx_hal_i2c.o(i.I2C_WaitOnSTOPFlagUntilTimeout)
    I2C_WaitOnSTOPFlagUntilTimeout           0x08003c7f   Thumb Code    76  stm32g0xx_hal_i2c.o(i.I2C_WaitOnSTOPFlagUntilTimeout)
    i.I2C_WaitOnTXISFlagUntilTimeout         0x08003cca   Section        0  stm32g0xx_hal_i2c.o(i.I2C_WaitOnTXISFlagUntilTimeout)
    I2C_WaitOnTXISFlagUntilTimeout           0x08003ccb   Thumb Code    80  stm32g0xx_hal_i2c.o(i.I2C_WaitOnTXISFlagUntilTimeout)
    i.LL_ADC_IsEnabled                       0x08003d1a   Section        0  stm32g0xx_hal_adc.o(i.LL_ADC_IsEnabled)
    LL_ADC_IsEnabled                         0x08003d1b   Thumb Code     8  stm32g0xx_hal_adc.o(i.LL_ADC_IsEnabled)
    i.LL_ADC_REG_IsConversionOngoing         0x08003d22   Section        0  stm32g0xx_hal_adc.o(i.LL_ADC_REG_IsConversionOngoing)
    LL_ADC_REG_IsConversionOngoing           0x08003d23   Thumb Code     8  stm32g0xx_hal_adc.o(i.LL_ADC_REG_IsConversionOngoing)
    i.LL_ADC_REG_IsTriggerSourceSWStart      0x08003d2a   Section        0  stm32g0xx_hal_adc.o(i.LL_ADC_REG_IsTriggerSourceSWStart)
    LL_ADC_REG_IsTriggerSourceSWStart        0x08003d2b   Thumb Code    16  stm32g0xx_hal_adc.o(i.LL_ADC_REG_IsTriggerSourceSWStart)
    i.LL_ADC_SetCommonPathInternalCh         0x08003d3a   Section        0  stm32g0xx_hal_adc.o(i.LL_ADC_SetCommonPathInternalCh)
    LL_ADC_SetCommonPathInternalCh           0x08003d3b   Thumb Code    14  stm32g0xx_hal_adc.o(i.LL_ADC_SetCommonPathInternalCh)
    i.LL_ADC_SetSamplingTimeCommonChannels   0x08003d48   Section        0  stm32g0xx_hal_adc.o(i.LL_ADC_SetSamplingTimeCommonChannels)
    LL_ADC_SetSamplingTimeCommonChannels     0x08003d49   Thumb Code    22  stm32g0xx_hal_adc.o(i.LL_ADC_SetSamplingTimeCommonChannels)
    i.MX_ADC1_Init                           0x08003d60   Section        0  adc.o(i.MX_ADC1_Init)
    i.MX_DAC1_Init                           0x08003dc8   Section        0  dac.o(i.MX_DAC1_Init)
    i.MX_DMA_Init                            0x08003e10   Section        0  dma.o(i.MX_DMA_Init)
    i.MX_GPIO_Init                           0x08003e38   Section        0  gpio.o(i.MX_GPIO_Init)
    i.MX_I2C1_Init                           0x08003ebc   Section        0  i2c.o(i.MX_I2C1_Init)
    i.MX_TIM16_Init                          0x08003f10   Section        0  timer.o(i.MX_TIM16_Init)
    i.MX_TIM2_Init                           0x08003f40   Section        0  pwm.o(i.MX_TIM2_Init)
    i.MX_USART2_UART_Init                    0x08003fd4   Section        0  uart.o(i.MX_USART2_UART_Init)
    i.NMI_Handler                            0x08004034   Section        0  stm32g0xx_it.o(i.NMI_Handler)
    i.PWM_Start                              0x08004038   Section        0  pwm.o(i.PWM_Start)
    i.PendSV_Handler                         0x08004050   Section        0  stm32g0xx_it.o(i.PendSV_Handler)
    i.SVC_Handler                            0x08004052   Section        0  stm32g0xx_it.o(i.SVC_Handler)
    i.SysTick_Handler                        0x08004054   Section        0  timer.o(i.SysTick_Handler)
    i.SystemClock_Config                     0x08004078   Section        0  rcc.o(i.SystemClock_Config)
    i.SystemInit                             0x080040f0   Section        0  system_stm32g0xx.o(i.SystemInit)
    i.TIMER_time                             0x08004100   Section        0  timer.o(i.TIMER_time)
    i.TIM_Base_SetConfig                     0x0800410c   Section        0  stm32g0xx_hal_tim.o(i.TIM_Base_SetConfig)
    i.TIM_CCxChannelCmd                      0x080041a0   Section        0  stm32g0xx_hal_tim.o(i.TIM_CCxChannelCmd)
    i.TIM_ETR_SetConfig                      0x080041ba   Section        0  stm32g0xx_hal_tim.o(i.TIM_ETR_SetConfig)
    i.TIM_ITRx_SetConfig                     0x080041d0   Section        0  stm32g0xx_hal_tim.o(i.TIM_ITRx_SetConfig)
    TIM_ITRx_SetConfig                       0x080041d1   Thumb Code    16  stm32g0xx_hal_tim.o(i.TIM_ITRx_SetConfig)
    i.TIM_OC1_SetConfig                      0x080041e4   Section        0  stm32g0xx_hal_tim.o(i.TIM_OC1_SetConfig)
    TIM_OC1_SetConfig                        0x080041e5   Thumb Code   120  stm32g0xx_hal_tim.o(i.TIM_OC1_SetConfig)
    i.TIM_OC2_SetConfig                      0x08004270   Section        0  stm32g0xx_hal_tim.o(i.TIM_OC2_SetConfig)
    i.TIM_OC3_SetConfig                      0x080042f4   Section        0  stm32g0xx_hal_tim.o(i.TIM_OC3_SetConfig)
    TIM_OC3_SetConfig                        0x080042f5   Thumb Code   114  stm32g0xx_hal_tim.o(i.TIM_OC3_SetConfig)
    i.TIM_OC4_SetConfig                      0x0800437c   Section        0  stm32g0xx_hal_tim.o(i.TIM_OC4_SetConfig)
    TIM_OC4_SetConfig                        0x0800437d   Thumb Code    94  stm32g0xx_hal_tim.o(i.TIM_OC4_SetConfig)
    i.TIM_OC5_SetConfig                      0x080043f0   Section        0  stm32g0xx_hal_tim.o(i.TIM_OC5_SetConfig)
    TIM_OC5_SetConfig                        0x080043f1   Thumb Code    80  stm32g0xx_hal_tim.o(i.TIM_OC5_SetConfig)
    i.TIM_OC6_SetConfig                      0x08004454   Section        0  stm32g0xx_hal_tim.o(i.TIM_OC6_SetConfig)
    TIM_OC6_SetConfig                        0x08004455   Thumb Code    88  stm32g0xx_hal_tim.o(i.TIM_OC6_SetConfig)
    i.TIM_TI1_ConfigInputStage               0x080044c0   Section        0  stm32g0xx_hal_tim.o(i.TIM_TI1_ConfigInputStage)
    TIM_TI1_ConfigInputStage                 0x080044c1   Thumb Code    34  stm32g0xx_hal_tim.o(i.TIM_TI1_ConfigInputStage)
    i.TIM_TI2_ConfigInputStage               0x080044e2   Section        0  stm32g0xx_hal_tim.o(i.TIM_TI2_ConfigInputStage)
    TIM_TI2_ConfigInputStage                 0x080044e3   Thumb Code    38  stm32g0xx_hal_tim.o(i.TIM_TI2_ConfigInputStage)
    i.UARTEx_SetNbDataToProcess              0x08004508   Section        0  stm32g0xx_hal_uart_ex.o(i.UARTEx_SetNbDataToProcess)
    UARTEx_SetNbDataToProcess                0x08004509   Thumb Code    80  stm32g0xx_hal_uart_ex.o(i.UARTEx_SetNbDataToProcess)
    i.UART_AdvFeatureConfig                  0x08004568   Section        0  stm32g0xx_hal_uart.o(i.UART_AdvFeatureConfig)
    i.UART_CheckIdleState                    0x08004634   Section        0  stm32g0xx_hal_uart.o(i.UART_CheckIdleState)
    i.UART_Receive                           0x08004698   Section        0  uart.o(i.UART_Receive)
    i.UART_SetConfig                         0x080046bc   Section        0  stm32g0xx_hal_uart.o(i.UART_SetConfig)
    i.UART_Transmit                          0x080048f8   Section        0  uart.o(i.UART_Transmit)
    i.UART_WaitOnFlagUntilTimeout            0x0800491c   Section        0  stm32g0xx_hal_uart.o(i.UART_WaitOnFlagUntilTimeout)
    i.__0sprintf                             0x080049b8   Section        0  printfa.o(i.__0sprintf)
    i.__ARM_clz                              0x080049e0   Section        0  depilogue.o(i.__ARM_clz)
    i.__ARM_common_switch8                   0x08004a0e   Section        0  terminal.o(i.__ARM_common_switch8)
    i.__NVIC_SetPriority                     0x08004a28   Section        0  stm32g0xx_hal_cortex.o(i.__NVIC_SetPriority)
    __NVIC_SetPriority                       0x08004a29   Thumb Code    60  stm32g0xx_hal_cortex.o(i.__NVIC_SetPriority)
    i.__aeabi_errno_addr                     0x08004a6c   Section        0  errno.o(i.__aeabi_errno_addr)
    i.__scatterload_copy                     0x08004a74   Section       14  handlers.o(i.__scatterload_copy)
    i.__scatterload_null                     0x08004a82   Section        2  handlers.o(i.__scatterload_null)
    i.__scatterload_zeroinit                 0x08004a84   Section       14  handlers.o(i.__scatterload_zeroinit)
    i._fp_digits                             0x08004a94   Section        0  printfa.o(i._fp_digits)
    _fp_digits                               0x08004a95   Thumb Code   344  printfa.o(i._fp_digits)
    i._is_digit                              0x08004c08   Section        0  scanf_fp.o(i._is_digit)
    i._printf_core                           0x08004c18   Section        0  printfa.o(i._printf_core)
    _printf_core                             0x08004c19   Thumb Code  1760  printfa.o(i._printf_core)
    i._printf_post_padding                   0x08005308   Section        0  printfa.o(i._printf_post_padding)
    _printf_post_padding                     0x08005309   Thumb Code    32  printfa.o(i._printf_post_padding)
    i._printf_pre_padding                    0x08005328   Section        0  printfa.o(i._printf_pre_padding)
    _printf_pre_padding                      0x08005329   Thumb Code    44  printfa.o(i._printf_pre_padding)
    i._sputc                                 0x08005354   Section        0  printfa.o(i._sputc)
    _sputc                                   0x08005355   Thumb Code    10  printfa.o(i._sputc)
    i.execCommand                            0x08005360   Section        0  terminal.o(i.execCommand)
    i.free                                   0x080053bc   Section        0  malloc.o(i.free)
    i.main                                   0x08005410   Section        0  main.o(i.main)
    i.malloc                                 0x08005420   Section        0  malloc.o(i.malloc)
    i.memRead                                0x0800548c   Section        0  i2c.o(i.memRead)
    i.memWrite                               0x080054ac   Section        0  i2c.o(i.memWrite)
    i.memoryWriteRead                        0x080054cc   Section        0  terminal.o(i.memoryWriteRead)
    i.parse                                  0x0800562c   Section        0  terminal.o(i.parse)
    i.sendEcho                               0x080056c4   Section        0  terminal.o(i.sendEcho)
    i.setPWMDutyCycle                        0x080056f0   Section        0  terminal.o(i.setPWMDutyCycle)
    i.showADC_DMA_Values                     0x08005754   Section        0  terminal.o(i.showADC_DMA_Values)
    i.showADC_Values                         0x080057e4   Section        0  terminal.o(i.showADC_Values)
    i.showHelp                               0x08005838   Section        0  terminal.o(i.showHelp)
    i.showProgramRunningTime                 0x08005874   Section        0  terminal.o(i.showProgramRunningTime)
    i.t_dac                                  0x080058d4   Section        0  terminal.o(i.t_dac)
    i.terminal_init                          0x0800594c   Section        0  terminal.o(i.terminal_init)
    i.toggleLED                              0x080059d0   Section        0  terminal.o(i.toggleLED)
    .constdata                               0x08005a04   Section       24  stm32g0xx_hal_uart.o(.constdata)
    .constdata                               0x08005a1c   Section       64  system_stm32g0xx.o(.constdata)
    .constdata                               0x08005a5c   Section       32  system_stm32g0xx.o(.constdata)
    .constdata                               0x08005a7c   Section      129  ctype_o.o(.constdata)
    .constdata                               0x08005b00   Section        4  ctype_o.o(.constdata)
    table                                    0x08005b00   Data           4  ctype_o.o(.constdata)
    .data                                    0x20000000   Section      193  terminal.o(.data)
    .data                                    0x200000c4   Section        4  timer.o(.data)
    .data                                    0x200000c8   Section       12  stm32g0xx_hal.o(.data)
    .data                                    0x200000d4   Section        4  system_stm32g0xx.o(.data)
    .data                                    0x200000d8   Section        4  strtok.o(.data)
    state                                    0x200000d8   Data           4  strtok.o(.data)
    .data                                    0x200000dc   Section        4  mvars.o(.data)
    .data                                    0x200000e0   Section        4  mvars.o(.data)
    .data                                    0x200000e4   Section        4  errno.o(.data)
    _errno                                   0x200000e4   Data           4  errno.o(.data)
    .bss                                     0x200000e8   Section      161  terminal.o(.bss)
    .bss                                     0x2000018c   Section      144  uart.o(.bss)
    .bss                                     0x2000021c   Section      100  adc.o(.bss)
    .bss                                     0x20000280   Section       92  dma.o(.bss)
    .bss                                     0x200002dc   Section       76  timer.o(.bss)
    .bss                                     0x20000328   Section       76  pwm.o(.bss)
    .bss                                     0x20000374   Section       20  dac.o(.bss)
    .bss                                     0x20000388   Section       76  i2c.o(.bss)
    HEAP                                     0x200003d8   Section      512  startup_stm32g071xx.o(HEAP)
    STACK                                    0x200005d8   Section     1024  startup_stm32g071xx.o(STACK)

    Global Symbols

    Symbol Name                              Value     Ov Type        Size  Object(Section)

    BuildAttributes$$THM_ISAv3M$S$PE$A:L22$X:L11$S22$IEEE1$IW$USESV6$~STKCKD$USESV7$~SHL$OTIME$ROPI$EBA8$MICROLIB$REQ8$PRES8$EABIv2 0x00000000   Number         0  anon$$obj.o ABSOLUTE
    __ARM_use_no_argv                        0x00000000   Number         0  main.o ABSOLUTE
    _printf_a                                0x00000000   Number         0  stubs.o ABSOLUTE
    _printf_c                                0x00000000   Number         0  stubs.o ABSOLUTE
    _printf_charcount                        0x00000000   Number         0  stubs.o ABSOLUTE
    _printf_d                                0x00000000   Number         0  stubs.o ABSOLUTE
    _printf_e                                0x00000000   Number         0  stubs.o ABSOLUTE
    _printf_f                                0x00000000   Number         0  stubs.o ABSOLUTE
    _printf_flags                            0x00000000   Number         0  stubs.o ABSOLUTE
    _printf_fp_dec                           0x00000000   Number         0  stubs.o ABSOLUTE
    _printf_fp_hex                           0x00000000   Number         0  stubs.o ABSOLUTE
    _printf_g                                0x00000000   Number         0  stubs.o ABSOLUTE
    _printf_i                                0x00000000   Number         0  stubs.o ABSOLUTE
    _printf_int_dec                          0x00000000   Number         0  stubs.o ABSOLUTE
    _printf_l                                0x00000000   Number         0  stubs.o ABSOLUTE
    _printf_lc                               0x00000000   Number         0  stubs.o ABSOLUTE
    _printf_ll                               0x00000000   Number         0  stubs.o ABSOLUTE
    _printf_lld                              0x00000000   Number         0  stubs.o ABSOLUTE
    _printf_lli                              0x00000000   Number         0  stubs.o ABSOLUTE
    _printf_llo                              0x00000000   Number         0  stubs.o ABSOLUTE
    _printf_llu                              0x00000000   Number         0  stubs.o ABSOLUTE
    _printf_llx                              0x00000000   Number         0  stubs.o ABSOLUTE
    _printf_longlong_dec                     0x00000000   Number         0  stubs.o ABSOLUTE
    _printf_longlong_hex                     0x00000000   Number         0  stubs.o ABSOLUTE
    _printf_longlong_oct                     0x00000000   Number         0  stubs.o ABSOLUTE
    _printf_ls                               0x00000000   Number         0  stubs.o ABSOLUTE
    _printf_mbtowc                           0x00000000   Number         0  stubs.o ABSOLUTE
    _printf_n                                0x00000000   Number         0  stubs.o ABSOLUTE
    _printf_o                                0x00000000   Number         0  stubs.o ABSOLUTE
    _printf_p                                0x00000000   Number         0  stubs.o ABSOLUTE
    _printf_percent                          0x00000000   Number         0  stubs.o ABSOLUTE
    _printf_pre_padding                      0x00000000   Number         0  stubs.o ABSOLUTE
    _printf_return_value                     0x00000000   Number         0  stubs.o ABSOLUTE
    _printf_s                                0x00000000   Number         0  stubs.o ABSOLUTE
    _printf_sizespec                         0x00000000   Number         0  stubs.o ABSOLUTE
    _printf_str                              0x00000000   Number         0  stubs.o ABSOLUTE
    _printf_truncate_signed                  0x00000000   Number         0  stubs.o ABSOLUTE
    _printf_truncate_unsigned                0x00000000   Number         0  stubs.o ABSOLUTE
    _printf_u                                0x00000000   Number         0  stubs.o ABSOLUTE
    _printf_wc                               0x00000000   Number         0  stubs.o ABSOLUTE
    _printf_wctomb                           0x00000000   Number         0  stubs.o ABSOLUTE
    _printf_widthprec                        0x00000000   Number         0  stubs.o ABSOLUTE
    _printf_x                                0x00000000   Number         0  stubs.o ABSOLUTE
    __arm_fini_                               - Undefined Weak Reference
    __cpp_initialize__aeabi_                  - Undefined Weak Reference
    __cxa_finalize                            - Undefined Weak Reference
    __decompress                              - Undefined Weak Reference
    _clock_init                               - Undefined Weak Reference
    _microlib_exit                            - Undefined Weak Reference
    _scanf_longlong                           - Undefined Weak Reference
    _scanf_string                             - Undefined Weak Reference
    __Vectors_Size                           0x000000bc   Number         0  startup_stm32g071xx.o ABSOLUTE
    __Vectors                                0x08000000   Data           4  startup_stm32g071xx.o(RESET)
    __Vectors_End                            0x080000bc   Data           0  startup_stm32g071xx.o(RESET)
    __main                                   0x080000bd   Thumb Code     0  entry.o(.ARM.Collect$$$$00000000)
    _main_stk                                0x080000bd   Thumb Code     0  entry2.o(.ARM.Collect$$$$00000001)
    _main_scatterload                        0x080000c1   Thumb Code     0  entry5.o(.ARM.Collect$$$$00000004)
    __main_after_scatterload                 0x080000c5   Thumb Code     0  entry5.o(.ARM.Collect$$$$00000004)
    _main_clock                              0x080000c5   Thumb Code     0  entry7b.o(.ARM.Collect$$$$00000008)
    _main_cpp_init                           0x080000c5   Thumb Code     0  entry8b.o(.ARM.Collect$$$$0000000A)
    _main_init                               0x080000c5   Thumb Code     0  entry9a.o(.ARM.Collect$$$$0000000B)
    __rt_lib_shutdown_fini                   0x080000cd   Thumb Code     0  entry12b.o(.ARM.Collect$$$$0000000E)
    __rt_final_cpp                           0x080000d1   Thumb Code     0  entry10a.o(.ARM.Collect$$$$0000000F)
    __rt_final_exit                          0x080000d1   Thumb Code     0  entry11a.o(.ARM.Collect$$$$00000011)
    Reset_Handler                            0x080000d5   Thumb Code     8  startup_stm32g071xx.o(.text)
    ADC1_COMP_IRQHandler                     0x080000e7   Thumb Code     0  startup_stm32g071xx.o(.text)
    CEC_IRQHandler                           0x080000e7   Thumb Code     0  startup_stm32g071xx.o(.text)
    DMA1_Ch4_7_DMAMUX1_OVR_IRQHandler        0x080000e7   Thumb Code     0  startup_stm32g071xx.o(.text)
    DMA1_Channel2_3_IRQHandler               0x080000e7   Thumb Code     0  startup_stm32g071xx.o(.text)
    EXTI0_1_IRQHandler                       0x080000e7   Thumb Code     0  startup_stm32g071xx.o(.text)
    EXTI2_3_IRQHandler                       0x080000e7   Thumb Code     0  startup_stm32g071xx.o(.text)
    EXTI4_15_IRQHandler                      0x080000e7   Thumb Code     0  startup_stm32g071xx.o(.text)
    FLASH_IRQHandler                         0x080000e7   Thumb Code     0  startup_stm32g071xx.o(.text)
    I2C1_IRQHandler                          0x080000e7   Thumb Code     0  startup_stm32g071xx.o(.text)
    I2C2_IRQHandler                          0x080000e7   Thumb Code     0  startup_stm32g071xx.o(.text)
    PVD_IRQHandler                           0x080000e7   Thumb Code     0  startup_stm32g071xx.o(.text)
    RCC_IRQHandler                           0x080000e7   Thumb Code     0  startup_stm32g071xx.o(.text)
    RTC_TAMP_IRQHandler                      0x080000e7   Thumb Code     0  startup_stm32g071xx.o(.text)
    SPI1_IRQHandler                          0x080000e7   Thumb Code     0  startup_stm32g071xx.o(.text)
    SPI2_IRQHandler                          0x080000e7   Thumb Code     0  startup_stm32g071xx.o(.text)
    TIM14_IRQHandler                         0x080000e7   Thumb Code     0  startup_stm32g071xx.o(.text)
    TIM15_IRQHandler                         0x080000e7   Thumb Code     0  startup_stm32g071xx.o(.text)
    TIM16_IRQHandler                         0x080000e7   Thumb Code     0  startup_stm32g071xx.o(.text)
    TIM17_IRQHandler                         0x080000e7   Thumb Code     0  startup_stm32g071xx.o(.text)
    TIM1_BRK_UP_TRG_COM_IRQHandler           0x080000e7   Thumb Code     0  startup_stm32g071xx.o(.text)
    TIM1_CC_IRQHandler                       0x080000e7   Thumb Code     0  startup_stm32g071xx.o(.text)
    TIM2_IRQHandler                          0x080000e7   Thumb Code     0  startup_stm32g071xx.o(.text)
    TIM3_IRQHandler                          0x080000e7   Thumb Code     0  startup_stm32g071xx.o(.text)
    TIM6_DAC_LPTIM1_IRQHandler               0x080000e7   Thumb Code     0  startup_stm32g071xx.o(.text)
    TIM7_LPTIM2_IRQHandler                   0x080000e7   Thumb Code     0  startup_stm32g071xx.o(.text)
    UCPD1_2_IRQHandler                       0x080000e7   Thumb Code     0  startup_stm32g071xx.o(.text)
    USART1_IRQHandler                        0x080000e7   Thumb Code     0  startup_stm32g071xx.o(.text)
    USART2_IRQHandler                        0x080000e7   Thumb Code     0  startup_stm32g071xx.o(.text)
    USART3_4_LPUART1_IRQHandler              0x080000e7   Thumb Code     0  startup_stm32g071xx.o(.text)
    WWDG_IRQHandler                          0x080000e7   Thumb Code     0  startup_stm32g071xx.o(.text)
    __aeabi_uidiv                            0x080000f1   Thumb Code     0  uidiv.o(.text)
    __aeabi_uidivmod                         0x080000f1   Thumb Code    44  uidiv.o(.text)
    __aeabi_uldivmod                         0x0800011d   Thumb Code    96  uldiv.o(.text)
    __aeabi_memcpy                           0x0800017d   Thumb Code    36  memcpya.o(.text)
    __aeabi_memcpy4                          0x0800017d   Thumb Code     0  memcpya.o(.text)
    __aeabi_memcpy8                          0x0800017d   Thumb Code     0  memcpya.o(.text)
    __aeabi_memset                           0x080001a1   Thumb Code    14  memseta.o(.text)
    __aeabi_memset4                          0x080001a1   Thumb Code     0  memseta.o(.text)
    __aeabi_memset8                          0x080001a1   Thumb Code     0  memseta.o(.text)
    __aeabi_memclr                           0x080001af   Thumb Code     4  memseta.o(.text)
    __aeabi_memclr4                          0x080001af   Thumb Code     0  memseta.o(.text)
    __aeabi_memclr8                          0x080001af   Thumb Code     0  memseta.o(.text)
    _memset$wrapper                          0x080001b3   Thumb Code    18  memseta.o(.text)
    strlen                                   0x080001c5   Thumb Code    14  strlen.o(.text)
    strcmp                                   0x080001d3   Thumb Code    28  strcmp.o(.text)
    strcpy                                   0x080001ef   Thumb Code    18  strcpy.o(.text)
    strtok                                   0x08000201   Thumb Code    68  strtok.o(.text)
    __0sscanf                                0x08000249   Thumb Code    50  __0sscanf.o(.text)
    _scanf_int                               0x08000285   Thumb Code   330  _scanf_int.o(.text)
    _scanf_real                              0x080004ef   Thumb Code     0  scanf_fp.o(.text)
    _scanf_really_real                       0x080004ef   Thumb Code   586  scanf_fp.o(.text)
    atoi                                     0x08000745   Thumb Code    26  atoi.o(.text)
    __aeabi_fmul                             0x0800075f   Thumb Code   122  fmul.o(.text)
    __aeabi_fdiv                             0x080007d9   Thumb Code   124  fdiv.o(.text)
    __aeabi_ui2f                             0x08000855   Thumb Code    14  ffltui.o(.text)
    __aeabi_f2uiz                            0x08000863   Thumb Code    40  ffixui.o(.text)
    __aeabi_f2d                              0x0800088b   Thumb Code    40  f2d.o(.text)
    __aeabi_lmul                             0x080008b3   Thumb Code   122  llmul.o(.text)
    _ll_mul                                  0x080008b3   Thumb Code     0  llmul.o(.text)
    __aeabi_llsl                             0x0800092d   Thumb Code    32  llshl.o(.text)
    _ll_shift_l                              0x0800092d   Thumb Code     0  llshl.o(.text)
    __aeabi_llsr                             0x0800094d   Thumb Code    34  llushr.o(.text)
    _ll_ushift_r                             0x0800094d   Thumb Code     0  llushr.o(.text)
    _chval                                   0x0800096f   Thumb Code    30  _chval.o(.text)
    __vfscanf_char                           0x08000999   Thumb Code    24  scanf_char.o(.text)
    _sgetc                                   0x080009b9   Thumb Code    32  _sgetc.o(.text)
    _sbackspace                              0x080009d9   Thumb Code    36  _sgetc.o(.text)
    strtol                                   0x080009fd   Thumb Code   108  strtol.o(.text)
    __I$use$fp                               0x08000a6d   Thumb Code     0  iusefp.o(.text)
    _float_round                             0x08000a6d   Thumb Code    16  fepilogue.o(.text)
    _float_epilogue                          0x08000a7d   Thumb Code   114  fepilogue.o(.text)
    __aeabi_dadd                             0x08000af1   Thumb Code   330  dadd.o(.text)
    __aeabi_dsub                             0x08000c3b   Thumb Code    12  dadd.o(.text)
    __aeabi_drsub                            0x08000c47   Thumb Code    12  dadd.o(.text)
    __aeabi_dmul                             0x08000c59   Thumb Code   202  dmul.o(.text)
    __aeabi_ddiv                             0x08000d29   Thumb Code   234  ddiv.o(.text)
    __aeabi_ul2d                             0x08000e19   Thumb Code    22  dfltul.o(.text)
    __aeabi_d2ulz                            0x08000e35   Thumb Code    54  dfixul.o(.text)
    __aeabi_cdrcmple                         0x08000e75   Thumb Code    38  cdrcmple.o(.text)
    __aeabi_d2f                              0x08000e9d   Thumb Code    56  d2f.o(.text)
    __scatterload                            0x08000ed5   Thumb Code    28  init.o(.text)
    __scatterload_rt2                        0x08000ed5   Thumb Code     0  init.o(.text)
    __aeabi_lasr                             0x08000ef9   Thumb Code    38  llsshr.o(.text)
    _ll_sshift_r                             0x08000ef9   Thumb Code     0  llsshr.o(.text)
    __rt_ctype_table                         0x08000f21   Thumb Code     4  ctype_o.o(.text)
    isspace                                  0x08000f29   Thumb Code    18  isspace_o.o(.text)
    __vfscanf                                0x08000f3d   Thumb Code   814  _scanf.o(.text)
    _strtoul                                 0x08001279   Thumb Code   166  _strtoul.o(.text)
    _double_round                            0x0800131f   Thumb Code    26  depilogue.o(.text)
    _double_epilogue                         0x08001339   Thumb Code   164  depilogue.o(.text)
    ADC_ConversionStop                       0x080013dd   Thumb Code    84  stm32g0xx_hal_adc.o(i.ADC_ConversionStop)
    ADC_DMA_Start_Acquisition                0x080014d9   Thumb Code    14  adc.o(i.ADC_DMA_Start_Acquisition)
    ADC_DMA_Stop_Acquisition                 0x080014ed   Thumb Code    10  adc.o(i.ADC_DMA_Stop_Acquisition)
    ADC_Disable                              0x080014fd   Thumb Code   102  stm32g0xx_hal_adc.o(i.ADC_Disable)
    ADC_Enable                               0x08001569   Thumb Code   152  stm32g0xx_hal_adc.o(i.ADC_Enable)
    ADC_GetValue                             0x08001611   Thumb Code    36  adc.o(i.ADC_GetValue)
    ADC_Start                                0x08001639   Thumb Code    10  adc.o(i.ADC_Start)
    DAC_GetValue                             0x08001649   Thumb Code    12  dac.o(i.DAC_GetValue)
    DAC_SetValue                             0x08001659   Thumb Code    46  dac.o(i.DAC_SetValue)
    DAC_Start                                0x08001695   Thumb Code    12  dac.o(i.DAC_Start)
    DAC_Stop                                 0x080016a5   Thumb Code    12  dac.o(i.DAC_Stop)
    DMA1_Channel1_IRQHandler                 0x080016b5   Thumb Code    10  stm32g0xx_it.o(i.DMA1_Channel1_IRQHandler)
    Error_Handler                            0x08001765   Thumb Code     4  main.o(i.Error_Handler)
    HAL_ADC_ConfigChannel                    0x08001769   Thumb Code   522  stm32g0xx_hal_adc.o(i.HAL_ADC_ConfigChannel)
    HAL_ADC_ConvCpltCallback                 0x0800198d   Thumb Code     2  stm32g0xx_hal_adc.o(i.HAL_ADC_ConvCpltCallback)
    HAL_ADC_ConvHalfCpltCallback             0x0800198f   Thumb Code     2  stm32g0xx_hal_adc.o(i.HAL_ADC_ConvHalfCpltCallback)
    HAL_ADC_ErrorCallback                    0x08001991   Thumb Code     2  stm32g0xx_hal_adc.o(i.HAL_ADC_ErrorCallback)
    HAL_ADC_GetValue                         0x08001993   Thumb Code     6  stm32g0xx_hal_adc.o(i.HAL_ADC_GetValue)
    HAL_ADC_Init                             0x08001999   Thumb Code   552  stm32g0xx_hal_adc.o(i.HAL_ADC_Init)
    HAL_ADC_MspInit                          0x08001be5   Thumb Code   132  stm32g0xx_hal_msp.o(i.HAL_ADC_MspInit)
    HAL_ADC_PollForConversion                0x08001c79   Thumb Code   190  stm32g0xx_hal_adc.o(i.HAL_ADC_PollForConversion)
    HAL_ADC_Start                            0x08001d39   Thumb Code    94  stm32g0xx_hal_adc.o(i.HAL_ADC_Start)
    HAL_ADC_Start_DMA                        0x08001da1   Thumb Code   158  stm32g0xx_hal_adc.o(i.HAL_ADC_Start_DMA)
    HAL_ADC_Stop                             0x08001e55   Thumb Code    62  stm32g0xx_hal_adc.o(i.HAL_ADC_Stop)
    HAL_ADC_Stop_DMA                         0x08001e93   Thumb Code   120  stm32g0xx_hal_adc.o(i.HAL_ADC_Stop_DMA)
    HAL_DAC_ConfigChannel                    0x08001f0d   Thumb Code   268  stm32g0xx_hal_dac.o(i.HAL_DAC_ConfigChannel)
    HAL_DAC_GetValue                         0x08002021   Thumb Code    14  stm32g0xx_hal_dac.o(i.HAL_DAC_GetValue)
    HAL_DAC_Init                             0x0800202f   Thumb Code    42  stm32g0xx_hal_dac.o(i.HAL_DAC_Init)
    HAL_DAC_MspInit                          0x08002059   Thumb Code    78  stm32g0xx_hal_msp.o(i.HAL_DAC_MspInit)
    HAL_DAC_SetValue                         0x080020b1   Thumb Code    28  stm32g0xx_hal_dac.o(i.HAL_DAC_SetValue)
    HAL_DAC_Start                            0x080020cd   Thumb Code    94  stm32g0xx_hal_dac.o(i.HAL_DAC_Start)
    HAL_DAC_Stop                             0x0800212b   Thumb Code    26  stm32g0xx_hal_dac.o(i.HAL_DAC_Stop)
    HAL_DMA_Abort                            0x08002145   Thumb Code   112  stm32g0xx_hal_dma.o(i.HAL_DMA_Abort)
    HAL_DMA_IRQHandler                       0x080021b9   Thumb Code   180  stm32g0xx_hal_dma.o(i.HAL_DMA_IRQHandler)
    HAL_DMA_Init                             0x08002271   Thumb Code   156  stm32g0xx_hal_dma.o(i.HAL_DMA_Init)
    HAL_DMA_Start_IT                         0x08002315   Thumb Code   136  stm32g0xx_hal_dma.o(i.HAL_DMA_Start_IT)
    HAL_Delay                                0x080023a1   Thumb Code    32  stm32g0xx_hal.o(i.HAL_Delay)
    HAL_GPIO_Init                            0x080023c5   Thumb Code   330  stm32g0xx_hal_gpio.o(i.HAL_GPIO_Init)
    HAL_GPIO_TogglePin                       0x08002521   Thumb Code    16  stm32g0xx_hal_gpio.o(i.HAL_GPIO_TogglePin)
    HAL_GPIO_WritePin                        0x08002531   Thumb Code    12  stm32g0xx_hal_gpio.o(i.HAL_GPIO_WritePin)
    HAL_GetTick                              0x0800253d   Thumb Code     6  stm32g0xx_hal.o(i.HAL_GetTick)
    HAL_I2CEx_ConfigAnalogFilter             0x08002549   Thumb Code    74  stm32g0xx_hal_i2c_ex.o(i.HAL_I2CEx_ConfigAnalogFilter)
    HAL_I2CEx_ConfigDigitalFilter            0x08002593   Thumb Code    72  stm32g0xx_hal_i2c_ex.o(i.HAL_I2CEx_ConfigDigitalFilter)
    HAL_I2C_Init                             0x080025dd   Thumb Code   176  stm32g0xx_hal_i2c.o(i.HAL_I2C_Init)
    HAL_I2C_Mem_Read                         0x08002691   Thumb Code   332  stm32g0xx_hal_i2c.o(i.HAL_I2C_Mem_Read)
    HAL_I2C_Mem_Write                        0x080027e5   Thumb Code   326  stm32g0xx_hal_i2c.o(i.HAL_I2C_Mem_Write)
    HAL_I2C_MspInit                          0x08002931   Thumb Code    88  stm32g0xx_hal_msp.o(i.HAL_I2C_MspInit)
    HAL_IncTick                              0x08002995   Thumb Code    12  stm32g0xx_hal.o(i.HAL_IncTick)
    HAL_Init                                 0x080029a5   Thumb Code    36  stm32g0xx_hal.o(i.HAL_Init)
    HAL_InitTick                             0x080029cd   Thumb Code    64  stm32g0xx_hal.o(i.HAL_InitTick)
    HAL_MspInit                              0x08002a15   Thumb Code    46  stm32g0xx_hal_msp.o(i.HAL_MspInit)
    HAL_NVIC_EnableIRQ                       0x08002a49   Thumb Code    18  stm32g0xx_hal_cortex.o(i.HAL_NVIC_EnableIRQ)
    HAL_NVIC_SetPriority                     0x08002a61   Thumb Code     8  stm32g0xx_hal_cortex.o(i.HAL_NVIC_SetPriority)
    HAL_PWREx_ControlVoltageScaling          0x08002a69   Thumb Code    62  stm32g0xx_hal_pwr_ex.o(i.HAL_PWREx_ControlVoltageScaling)
    HAL_RCCEx_PeriphCLKConfig                0x08002ab5   Thumb Code   460  stm32g0xx_hal_rcc_ex.o(i.HAL_RCCEx_PeriphCLKConfig)
    HAL_RCC_ClockConfig                      0x08002c95   Thumb Code   318  stm32g0xx_hal_rcc.o(i.HAL_RCC_ClockConfig)
    HAL_RCC_GetPCLK1Freq                     0x08002ded   Thumb Code    26  stm32g0xx_hal_rcc.o(i.HAL_RCC_GetPCLK1Freq)
    HAL_RCC_GetSysClockFreq                  0x08002e15   Thumb Code   130  stm32g0xx_hal_rcc.o(i.HAL_RCC_GetSysClockFreq)
    HAL_RCC_OscConfig                        0x08002ea1   Thumb Code   970  stm32g0xx_hal_rcc.o(i.HAL_RCC_OscConfig)
    HAL_SYSCFG_StrobeDBattpinsConfig         0x08003291   Thumb Code    16  stm32g0xx_hal.o(i.HAL_SYSCFG_StrobeDBattpinsConfig)
    HAL_SYSTICK_Config                       0x080032a5   Thumb Code    38  stm32g0xx_hal_cortex.o(i.HAL_SYSTICK_Config)
    HAL_TIMEx_MasterConfigSynchronization    0x080032d5   Thumb Code   104  stm32g0xx_hal_tim_ex.o(i.HAL_TIMEx_MasterConfigSynchronization)
    HAL_TIM_Base_Init                        0x08003349   Thumb Code    76  stm32g0xx_hal_tim.o(i.HAL_TIM_Base_Init)
    HAL_TIM_Base_MspInit                     0x08003395   Thumb Code    56  stm32g0xx_hal_msp.o(i.HAL_TIM_Base_MspInit)
    HAL_TIM_ConfigClockSource                0x080033d5   Thumb Code   210  stm32g0xx_hal_tim.o(i.HAL_TIM_ConfigClockSource)
    HAL_TIM_MspPostInit                      0x080034ad   Thumb Code    68  stm32g0xx_hal_msp.o(i.HAL_TIM_MspPostInit)
    HAL_TIM_PWM_ConfigChannel                0x080034f5   Thumb Code   286  stm32g0xx_hal_tim.o(i.HAL_TIM_PWM_ConfigChannel)
    HAL_TIM_PWM_Init                         0x08003613   Thumb Code    76  stm32g0xx_hal_tim.o(i.HAL_TIM_PWM_Init)
    HAL_TIM_PWM_MspInit                      0x0800365f   Thumb Code     2  stm32g0xx_hal_tim.o(i.HAL_TIM_PWM_MspInit)
    HAL_TIM_PWM_Start                        0x08003661   Thumb Code   188  stm32g0xx_hal_tim.o(i.HAL_TIM_PWM_Start)
    HAL_UARTEx_DisableFifoMode               0x08003735   Thumb Code    60  stm32g0xx_hal_uart_ex.o(i.HAL_UARTEx_DisableFifoMode)
    HAL_UARTEx_SetRxFifoThreshold            0x08003771   Thumb Code    72  stm32g0xx_hal_uart_ex.o(i.HAL_UARTEx_SetRxFifoThreshold)
    HAL_UARTEx_SetTxFifoThreshold            0x080037b9   Thumb Code    70  stm32g0xx_hal_uart_ex.o(i.HAL_UARTEx_SetTxFifoThreshold)
    HAL_UART_Init                            0x080037ff   Thumb Code   108  stm32g0xx_hal_uart.o(i.HAL_UART_Init)
    HAL_UART_MspInit                         0x0800386d   Thumb Code    84  stm32g0xx_hal_msp.o(i.HAL_UART_MspInit)
    HAL_UART_Receive                         0x080038c9   Thumb Code   272  stm32g0xx_hal_uart.o(i.HAL_UART_Receive)
    HAL_UART_Transmit                        0x080039dd   Thumb Code   216  stm32g0xx_hal_uart.o(i.HAL_UART_Transmit)
    HardFault_Handler                        0x08003ab5   Thumb Code     2  stm32g0xx_it.o(i.HardFault_Handler)
    MX_ADC1_Init                             0x08003d61   Thumb Code    94  adc.o(i.MX_ADC1_Init)
    MX_DAC1_Init                             0x08003dc9   Thumb Code    62  dac.o(i.MX_DAC1_Init)
    MX_DMA_Init                              0x08003e11   Thumb Code    36  dma.o(i.MX_DMA_Init)
    MX_GPIO_Init                             0x08003e39   Thumb Code   126  gpio.o(i.MX_GPIO_Init)
    MX_I2C1_Init                             0x08003ebd   Thumb Code    70  i2c.o(i.MX_I2C1_Init)
    MX_TIM16_Init                            0x08003f11   Thumb Code    38  timer.o(i.MX_TIM16_Init)
    MX_TIM2_Init                             0x08003f41   Thumb Code   144  pwm.o(i.MX_TIM2_Init)
    MX_USART2_UART_Init                      0x08003fd5   Thumb Code    88  uart.o(i.MX_USART2_UART_Init)
    NMI_Handler                              0x08004035   Thumb Code     2  stm32g0xx_it.o(i.NMI_Handler)
    PWM_Start                                0x08004039   Thumb Code    20  pwm.o(i.PWM_Start)
    PendSV_Handler                           0x08004051   Thumb Code     2  stm32g0xx_it.o(i.PendSV_Handler)
    SVC_Handler                              0x08004053   Thumb Code     2  stm32g0xx_it.o(i.SVC_Handler)
    SysTick_Handler                          0x08004055   Thumb Code    26  timer.o(i.SysTick_Handler)
    SystemClock_Config                       0x08004079   Thumb Code   116  rcc.o(i.SystemClock_Config)
    SystemInit                               0x080040f1   Thumb Code    10  system_stm32g0xx.o(i.SystemInit)
    TIMER_time                               0x08004101   Thumb Code     6  timer.o(i.TIMER_time)
    TIM_Base_SetConfig                       0x0800410d   Thumb Code   124  stm32g0xx_hal_tim.o(i.TIM_Base_SetConfig)
    TIM_CCxChannelCmd                        0x080041a1   Thumb Code    26  stm32g0xx_hal_tim.o(i.TIM_CCxChannelCmd)
    TIM_ETR_SetConfig                        0x080041bb   Thumb Code    22  stm32g0xx_hal_tim.o(i.TIM_ETR_SetConfig)
    TIM_OC2_SetConfig                        0x08004271   Thumb Code   112  stm32g0xx_hal_tim.o(i.TIM_OC2_SetConfig)
    UART_AdvFeatureConfig                    0x08004569   Thumb Code   202  stm32g0xx_hal_uart.o(i.UART_AdvFeatureConfig)
    UART_CheckIdleState                      0x08004635   Thumb Code    94  stm32g0xx_hal_uart.o(i.UART_CheckIdleState)
    UART_Receive                             0x08004699   Thumb Code    30  uart.o(i.UART_Receive)
    UART_SetConfig                           0x080046bd   Thumb Code   522  stm32g0xx_hal_uart.o(i.UART_SetConfig)
    UART_Transmit                            0x080048f9   Thumb Code    30  uart.o(i.UART_Transmit)
    UART_WaitOnFlagUntilTimeout              0x0800491d   Thumb Code   156  stm32g0xx_hal_uart.o(i.UART_WaitOnFlagUntilTimeout)
    __0sprintf                               0x080049b9   Thumb Code    36  printfa.o(i.__0sprintf)
    __1sprintf                               0x080049b9   Thumb Code     0  printfa.o(i.__0sprintf)
    __2sprintf                               0x080049b9   Thumb Code     0  printfa.o(i.__0sprintf)
    __c89sprintf                             0x080049b9   Thumb Code     0  printfa.o(i.__0sprintf)
    sprintf                                  0x080049b9   Thumb Code     0  printfa.o(i.__0sprintf)
    __ARM_clz                                0x080049e1   Thumb Code    46  depilogue.o(i.__ARM_clz)
    __ARM_common_switch8                     0x08004a0f   Thumb Code    26  terminal.o(i.__ARM_common_switch8)
    __aeabi_errno_addr                       0x08004a6d   Thumb Code     4  errno.o(i.__aeabi_errno_addr)
    __rt_errno_addr                          0x08004a6d   Thumb Code     0  errno.o(i.__aeabi_errno_addr)
    __scatterload_copy                       0x08004a75   Thumb Code    14  handlers.o(i.__scatterload_copy)
    __scatterload_null                       0x08004a83   Thumb Code     2  handlers.o(i.__scatterload_null)
    __scatterload_zeroinit                   0x08004a85   Thumb Code    14  handlers.o(i.__scatterload_zeroinit)
    _is_digit                                0x08004c09   Thumb Code    14  scanf_fp.o(i._is_digit)
    execCommand                              0x08005361   Thumb Code    86  terminal.o(i.execCommand)
    free                                     0x080053bd   Thumb Code    80  malloc.o(i.free)
    main                                     0x08005411   Thumb Code    14  main.o(i.main)
    malloc                                   0x08005421   Thumb Code    92  malloc.o(i.malloc)
    memRead                                  0x0800548d   Thumb Code    28  i2c.o(i.memRead)
    memWrite                                 0x080054ad   Thumb Code    28  i2c.o(i.memWrite)
    memoryWriteRead                          0x080054cd   Thumb Code   238  terminal.o(i.memoryWriteRead)
    parse                                    0x0800562d   Thumb Code   136  terminal.o(i.parse)
    sendEcho                                 0x080056c5   Thumb Code    36  terminal.o(i.sendEcho)
    setPWMDutyCycle                          0x080056f1   Thumb Code    78  terminal.o(i.setPWMDutyCycle)
    showADC_DMA_Values                       0x08005755   Thumb Code   120  terminal.o(i.showADC_DMA_Values)
    showADC_Values                           0x080057e5   Thumb Code    68  terminal.o(i.showADC_Values)
    showHelp                                 0x08005839   Thumb Code    56  terminal.o(i.showHelp)
    showProgramRunningTime                   0x08005875   Thumb Code    56  terminal.o(i.showProgramRunningTime)
    t_dac                                    0x080058d5   Thumb Code    90  terminal.o(i.t_dac)
    terminal_init                            0x0800594d   Thumb Code    74  terminal.o(i.terminal_init)
    toggleLED                                0x080059d1   Thumb Code    46  terminal.o(i.toggleLED)
    UARTPrescTable                           0x08005a04   Data          24  stm32g0xx_hal_uart.o(.constdata)
    AHBPrescTable                            0x08005a1c   Data          64  system_stm32g0xx.o(.constdata)
    APBPrescTable                            0x08005a5c   Data          32  system_stm32g0xx.o(.constdata)
    __ctype_table                            0x08005a7c   Data         129  ctype_o.o(.constdata)
    Region$$Table$$Base                      0x08005b04   Number         0  anon$$obj.o(Region$$Table)
    Region$$Table$$Limit                     0x08005b24   Number         0  anon$$obj.o(Region$$Table)
    comnum                                   0x20000000   Data           1  terminal.o(.data)
    newline                                  0x20000001   Data           3  terminal.o(.data)
    commArr                                  0x20000004   Data         189  terminal.o(.data)
    time                                     0x200000c4   Data           4  timer.o(.data)
    uwTickFreq                               0x200000c8   Data           1  stm32g0xx_hal.o(.data)
    uwTickPrio                               0x200000cc   Data           4  stm32g0xx_hal.o(.data)
    uwTick                                   0x200000d0   Data           4  stm32g0xx_hal.o(.data)
    SystemCoreClock                          0x200000d4   Data           4  system_stm32g0xx.o(.data)
    __microlib_freelist                      0x200000dc   Data           4  mvars.o(.data)
    __microlib_freelist_initialised          0x200000e0   Data           4  mvars.o(.data)
    operation                                0x200000e8   Data          21  terminal.o(.bss)
    a1                                       0x200000fd   Data          20  terminal.o(.bss)
    a2                                       0x20000111   Data          20  terminal.o(.bss)
    msg                                      0x20000125   Data         100  terminal.o(.bss)
    huart2                                   0x2000018c   Data         144  uart.o(.bss)
    hadc1                                    0x2000021c   Data         100  adc.o(.bss)
    hdma_adc1                                0x20000280   Data          92  dma.o(.bss)
    htim16                                   0x200002dc   Data          76  timer.o(.bss)
    htim2                                    0x20000328   Data          76  pwm.o(.bss)
    hdac1                                    0x20000374   Data          20  dac.o(.bss)
    hi2c1                                    0x20000388   Data          76  i2c.o(.bss)
    __heap_base                              0x200003d8   Data           0  startup_stm32g071xx.o(HEAP)
    __heap_limit                             0x200005d8   Data           0  startup_stm32g071xx.o(HEAP)
    __initial_sp                             0x200009d8   Data           0  startup_stm32g071xx.o(STACK)



==============================================================================

Memory Map of the image

  Image Entry point : 0x080000bd

  Load Region LR_IROM1 (Base: 0x08000000, Size: 0x00005c0c, Max: 0x00020000, ABSOLUTE)

    Execution Region ER_IROM1 (Exec base: 0x08000000, Load base: 0x08000000, Size: 0x00005b24, Max: 0x00020000, ABSOLUTE)

    Exec Addr    Load Addr    Size         Type   Attr      Idx    E Section Name        Object

    0x08000000   0x08000000   0x000000bc   Data   RO            3    RESET               startup_stm32g071xx.o
    0x080000bc   0x080000bc   0x00000000   Code   RO         4565  * .ARM.Collect$$$$00000000  mc_p.l(entry.o)
    0x080000bc   0x080000bc   0x00000004   Code   RO         4899    .ARM.Collect$$$$00000001  mc_p.l(entry2.o)
    0x080000c0   0x080000c0   0x00000004   Code   RO         4902    .ARM.Collect$$$$00000004  mc_p.l(entry5.o)
    0x080000c4   0x080000c4   0x00000000   Code   RO         4904    .ARM.Collect$$$$00000008  mc_p.l(entry7b.o)
    0x080000c4   0x080000c4   0x00000000   Code   RO         4906    .ARM.Collect$$$$0000000A  mc_p.l(entry8b.o)
    0x080000c4   0x080000c4   0x00000008   Code   RO         4907    .ARM.Collect$$$$0000000B  mc_p.l(entry9a.o)
    0x080000cc   0x080000cc   0x00000004   Code   RO         4914    .ARM.Collect$$$$0000000E  mc_p.l(entry12b.o)
    0x080000d0   0x080000d0   0x00000000   Code   RO         4909    .ARM.Collect$$$$0000000F  mc_p.l(entry10a.o)
    0x080000d0   0x080000d0   0x00000000   Code   RO         4911    .ARM.Collect$$$$00000011  mc_p.l(entry11a.o)
    0x080000d0   0x080000d0   0x00000004   Code   RO         4900    .ARM.Collect$$$$00002712  mc_p.l(entry2.o)
    0x080000d4   0x080000d4   0x0000001c   Code   RO            4    .text               startup_stm32g071xx.o
    0x080000f0   0x080000f0   0x0000002c   Code   RO         4568    .text               mc_p.l(uidiv.o)
    0x0800011c   0x0800011c   0x00000060   Code   RO         4570    .text               mc_p.l(uldiv.o)
    0x0800017c   0x0800017c   0x00000024   Code   RO         4572    .text               mc_p.l(memcpya.o)
    0x080001a0   0x080001a0   0x00000024   Code   RO         4574    .text               mc_p.l(memseta.o)
    0x080001c4   0x080001c4   0x0000000e   Code   RO         4576    .text               mc_p.l(strlen.o)
    0x080001d2   0x080001d2   0x0000001c   Code   RO         4578    .text               mc_p.l(strcmp.o)
    0x080001ee   0x080001ee   0x00000012   Code   RO         4580    .text               mc_p.l(strcpy.o)
    0x08000200   0x08000200   0x00000048   Code   RO         4582    .text               mc_p.l(strtok.o)
    0x08000248   0x08000248   0x0000003c   Code   RO         4879    .text               mc_p.l(__0sscanf.o)
    0x08000284   0x08000284   0x0000014a   Code   RO         4881    .text               mc_p.l(_scanf_int.o)
    0x080003ce   0x080003ce   0x00000002   PAD
    0x080003d0   0x080003d0   0x00000374   Code   RO         4883    .text               mc_p.l(scanf_fp.o)
    0x08000744   0x08000744   0x0000001a   Code   RO         4887    .text               mc_p.l(atoi.o)
    0x0800075e   0x0800075e   0x0000007a   Code   RO         4889    .text               mf_p.l(fmul.o)
    0x080007d8   0x080007d8   0x0000007c   Code   RO         4891    .text               mf_p.l(fdiv.o)
    0x08000854   0x08000854   0x0000000e   Code   RO         4893    .text               mf_p.l(ffltui.o)
    0x08000862   0x08000862   0x00000028   Code   RO         4895    .text               mf_p.l(ffixui.o)
    0x0800088a   0x0800088a   0x00000028   Code   RO         4897    .text               mf_p.l(f2d.o)
    0x080008b2   0x080008b2   0x0000007a   Code   RO         4918    .text               mc_p.l(llmul.o)
    0x0800092c   0x0800092c   0x00000020   Code   RO         4920    .text               mc_p.l(llshl.o)
    0x0800094c   0x0800094c   0x00000022   Code   RO         4922    .text               mc_p.l(llushr.o)
    0x0800096e   0x0800096e   0x0000001e   Code   RO         4933    .text               mc_p.l(_chval.o)
    0x0800098c   0x0800098c   0x0000002c   Code   RO         4935    .text               mc_p.l(scanf_char.o)
    0x080009b8   0x080009b8   0x00000044   Code   RO         4937    .text               mc_p.l(_sgetc.o)
    0x080009fc   0x080009fc   0x00000070   Code   RO         4939    .text               mc_p.l(strtol.o)
    0x08000a6c   0x08000a6c   0x00000000   Code   RO         4941    .text               mc_p.l(iusefp.o)
    0x08000a6c   0x08000a6c   0x00000082   Code   RO         4942    .text               mf_p.l(fepilogue.o)
    0x08000aee   0x08000aee   0x00000002   PAD
    0x08000af0   0x08000af0   0x00000168   Code   RO         4944    .text               mf_p.l(dadd.o)
    0x08000c58   0x08000c58   0x000000d0   Code   RO         4946    .text               mf_p.l(dmul.o)
    0x08000d28   0x08000d28   0x000000f0   Code   RO         4948    .text               mf_p.l(ddiv.o)
    0x08000e18   0x08000e18   0x0000001c   Code   RO         4950    .text               mf_p.l(dfltul.o)
    0x08000e34   0x08000e34   0x00000040   Code   RO         4952    .text               mf_p.l(dfixul.o)
    0x08000e74   0x08000e74   0x00000028   Code   RO         4954    .text               mf_p.l(cdrcmple.o)
    0x08000e9c   0x08000e9c   0x00000038   Code   RO         4956    .text               mf_p.l(d2f.o)
    0x08000ed4   0x08000ed4   0x00000024   Code   RO         4958    .text               mc_p.l(init.o)
    0x08000ef8   0x08000ef8   0x00000026   Code   RO         4961    .text               mc_p.l(llsshr.o)
    0x08000f1e   0x08000f1e   0x00000002   PAD
    0x08000f20   0x08000f20   0x00000008   Code   RO         4965    .text               mc_p.l(ctype_o.o)
    0x08000f28   0x08000f28   0x00000012   Code   RO         4987    .text               mc_p.l(isspace_o.o)
    0x08000f3a   0x08000f3a   0x00000002   PAD
    0x08000f3c   0x08000f3c   0x0000033c   Code   RO         4993    .text               mc_p.l(_scanf.o)
    0x08001278   0x08001278   0x000000a6   Code   RO         4995    .text               mc_p.l(_strtoul.o)
    0x0800131e   0x0800131e   0x000000be   Code   RO         4998    .text               mf_p.l(depilogue.o)
    0x080013dc   0x080013dc   0x00000058   Code   RO          738    i.ADC_ConversionStop  stm32g0xx_hal_adc.o
    0x08001434   0x08001434   0x00000080   Code   RO          739    i.ADC_DMAConvCplt   stm32g0xx_hal_adc.o
    0x080014b4   0x080014b4   0x0000001a   Code   RO          740    i.ADC_DMAError      stm32g0xx_hal_adc.o
    0x080014ce   0x080014ce   0x0000000a   Code   RO          741    i.ADC_DMAHalfConvCplt  stm32g0xx_hal_adc.o
    0x080014d8   0x080014d8   0x00000014   Code   RO          471    i.ADC_DMA_Start_Acquisition  adc.o
    0x080014ec   0x080014ec   0x00000010   Code   RO          472    i.ADC_DMA_Stop_Acquisition  adc.o
    0x080014fc   0x080014fc   0x0000006c   Code   RO          742    i.ADC_Disable       stm32g0xx_hal_adc.o
    0x08001568   0x08001568   0x000000a8   Code   RO          743    i.ADC_Enable        stm32g0xx_hal_adc.o
    0x08001610   0x08001610   0x00000028   Code   RO          473    i.ADC_GetValue      adc.o
    0x08001638   0x08001638   0x00000010   Code   RO          474    i.ADC_Start         adc.o
    0x08001648   0x08001648   0x00000010   Code   RO          657    i.DAC_GetValue      dac.o
    0x08001658   0x08001658   0x0000003c   Code   RO          658    i.DAC_SetValue      dac.o
    0x08001694   0x08001694   0x00000010   Code   RO          659    i.DAC_Start         dac.o
    0x080016a4   0x080016a4   0x00000010   Code   RO          660    i.DAC_Stop          dac.o
    0x080016b4   0x080016b4   0x00000010   Code   RO          169    i.DMA1_Channel1_IRQHandler  stm32g0xx_it.o
    0x080016c4   0x080016c4   0x00000030   Code   RO         1445    i.DMA_CalcDMAMUXChannelBaseAndMask  stm32g0xx_hal_dma.o
    0x080016f4   0x080016f4   0x00000028   Code   RO         1446    i.DMA_CalcDMAMUXRequestGenBaseAndMask  stm32g0xx_hal_dma.o
    0x0800171c   0x0800171c   0x00000048   Code   RO         1447    i.DMA_SetConfig     stm32g0xx_hal_dma.o
    0x08001764   0x08001764   0x00000004   Code   RO           12    i.Error_Handler     main.o
    0x08001768   0x08001768   0x00000224   Code   RO          745    i.HAL_ADC_ConfigChannel  stm32g0xx_hal_adc.o
    0x0800198c   0x0800198c   0x00000002   Code   RO          746    i.HAL_ADC_ConvCpltCallback  stm32g0xx_hal_adc.o
    0x0800198e   0x0800198e   0x00000002   Code   RO          747    i.HAL_ADC_ConvHalfCpltCallback  stm32g0xx_hal_adc.o
    0x08001990   0x08001990   0x00000002   Code   RO          749    i.HAL_ADC_ErrorCallback  stm32g0xx_hal_adc.o
    0x08001992   0x08001992   0x00000006   Code   RO          752    i.HAL_ADC_GetValue  stm32g0xx_hal_adc.o
    0x08001998   0x08001998   0x0000024c   Code   RO          754    i.HAL_ADC_Init      stm32g0xx_hal_adc.o
    0x08001be4   0x08001be4   0x00000094   Code   RO          218    i.HAL_ADC_MspInit   stm32g0xx_hal_msp.o
    0x08001c78   0x08001c78   0x000000be   Code   RO          758    i.HAL_ADC_PollForConversion  stm32g0xx_hal_adc.o
    0x08001d36   0x08001d36   0x00000002   PAD
    0x08001d38   0x08001d38   0x00000068   Code   RO          760    i.HAL_ADC_Start     stm32g0xx_hal_adc.o
    0x08001da0   0x08001da0   0x000000b4   Code   RO          761    i.HAL_ADC_Start_DMA  stm32g0xx_hal_adc.o
    0x08001e54   0x08001e54   0x0000003e   Code   RO          763    i.HAL_ADC_Stop      stm32g0xx_hal_adc.o
    0x08001e92   0x08001e92   0x00000078   Code   RO          764    i.HAL_ADC_Stop_DMA  stm32g0xx_hal_adc.o
    0x08001f0a   0x08001f0a   0x00000002   PAD
    0x08001f0c   0x08001f0c   0x00000114   Code   RO         2256    i.HAL_DAC_ConfigChannel  stm32g0xx_hal_dac.o
    0x08002020   0x08002020   0x0000000e   Code   RO         2264    i.HAL_DAC_GetValue  stm32g0xx_hal_dac.o
    0x0800202e   0x0800202e   0x0000002a   Code   RO         2266    i.HAL_DAC_Init      stm32g0xx_hal_dac.o
    0x08002058   0x08002058   0x00000058   Code   RO          220    i.HAL_DAC_MspInit   stm32g0xx_hal_msp.o
    0x080020b0   0x080020b0   0x0000001c   Code   RO         2269    i.HAL_DAC_SetValue  stm32g0xx_hal_dac.o
    0x080020cc   0x080020cc   0x0000005e   Code   RO         2270    i.HAL_DAC_Start     stm32g0xx_hal_dac.o
    0x0800212a   0x0800212a   0x0000001a   Code   RO         2272    i.HAL_DAC_Stop      stm32g0xx_hal_dac.o
    0x08002144   0x08002144   0x00000074   Code   RO         1448    i.HAL_DMA_Abort     stm32g0xx_hal_dma.o
    0x080021b8   0x080021b8   0x000000b8   Code   RO         1453    i.HAL_DMA_IRQHandler  stm32g0xx_hal_dma.o
    0x08002270   0x08002270   0x000000a4   Code   RO         1454    i.HAL_DMA_Init      stm32g0xx_hal_dma.o
    0x08002314   0x08002314   0x0000008c   Code   RO         1458    i.HAL_DMA_Start_IT  stm32g0xx_hal_dma.o
    0x080023a0   0x080023a0   0x00000024   Code   RO         1972    i.HAL_Delay         stm32g0xx_hal.o
    0x080023c4   0x080023c4   0x0000015c   Code   RO         1381    i.HAL_GPIO_Init     stm32g0xx_hal_gpio.o
    0x08002520   0x08002520   0x00000010   Code   RO         1384    i.HAL_GPIO_TogglePin  stm32g0xx_hal_gpio.o
    0x08002530   0x08002530   0x0000000c   Code   RO         1385    i.HAL_GPIO_WritePin  stm32g0xx_hal_gpio.o
    0x0800253c   0x0800253c   0x0000000c   Code   RO         1976    i.HAL_GetTick       stm32g0xx_hal.o
    0x08002548   0x08002548   0x0000004a   Code   RO         2949    i.HAL_I2CEx_ConfigAnalogFilter  stm32g0xx_hal_i2c_ex.o
    0x08002592   0x08002592   0x00000048   Code   RO         2950    i.HAL_I2CEx_ConfigDigitalFilter  stm32g0xx_hal_i2c_ex.o
    0x080025da   0x080025da   0x00000002   PAD
    0x080025dc   0x080025dc   0x000000b4   Code   RO         2502    i.HAL_I2C_Init      stm32g0xx_hal_i2c.o
    0x08002690   0x08002690   0x00000154   Code   RO         2520    i.HAL_I2C_Mem_Read  stm32g0xx_hal_i2c.o
    0x080027e4   0x080027e4   0x0000014c   Code   RO         2523    i.HAL_I2C_Mem_Write  stm32g0xx_hal_i2c.o
    0x08002930   0x08002930   0x00000064   Code   RO          222    i.HAL_I2C_MspInit   stm32g0xx_hal_msp.o
    0x08002994   0x08002994   0x00000010   Code   RO         1982    i.HAL_IncTick       stm32g0xx_hal.o
    0x080029a4   0x080029a4   0x00000028   Code   RO         1983    i.HAL_Init          stm32g0xx_hal.o
    0x080029cc   0x080029cc   0x00000048   Code   RO         1984    i.HAL_InitTick      stm32g0xx_hal.o
    0x08002a14   0x08002a14   0x00000034   Code   RO          223    i.HAL_MspInit       stm32g0xx_hal_msp.o
    0x08002a48   0x08002a48   0x00000018   Code   RO         1860    i.HAL_NVIC_EnableIRQ  stm32g0xx_hal_cortex.o
    0x08002a60   0x08002a60   0x00000008   Code   RO         1864    i.HAL_NVIC_SetPriority  stm32g0xx_hal_cortex.o
    0x08002a68   0x08002a68   0x0000004c   Code   RO         1680    i.HAL_PWREx_ControlVoltageScaling  stm32g0xx_hal_pwr_ex.o
    0x08002ab4   0x08002ab4   0x000001e0   Code   RO         1129    i.HAL_RCCEx_PeriphCLKConfig  stm32g0xx_hal_rcc_ex.o
    0x08002c94   0x08002c94   0x00000158   Code   RO         1019    i.HAL_RCC_ClockConfig  stm32g0xx_hal_rcc.o
    0x08002dec   0x08002dec   0x00000028   Code   RO         1027    i.HAL_RCC_GetPCLK1Freq  stm32g0xx_hal_rcc.o
    0x08002e14   0x08002e14   0x0000008c   Code   RO         1028    i.HAL_RCC_GetSysClockFreq  stm32g0xx_hal_rcc.o
    0x08002ea0   0x08002ea0   0x000003f0   Code   RO         1032    i.HAL_RCC_OscConfig  stm32g0xx_hal_rcc.o
    0x08003290   0x08003290   0x00000014   Code   RO         1994    i.HAL_SYSCFG_StrobeDBattpinsConfig  stm32g0xx_hal.o
    0x080032a4   0x080032a4   0x00000030   Code   RO         1868    i.HAL_SYSTICK_Config  stm32g0xx_hal_cortex.o
    0x080032d4   0x080032d4   0x00000074   Code   RO         3734    i.HAL_TIMEx_MasterConfigSynchronization  stm32g0xx_hal_tim_ex.o
    0x08003348   0x08003348   0x0000004c   Code   RO         3001    i.HAL_TIM_Base_Init  stm32g0xx_hal_tim.o
    0x08003394   0x08003394   0x00000040   Code   RO          225    i.HAL_TIM_Base_MspInit  stm32g0xx_hal_msp.o
    0x080033d4   0x080033d4   0x000000d8   Code   RO         3010    i.HAL_TIM_ConfigClockSource  stm32g0xx_hal_tim.o
    0x080034ac   0x080034ac   0x00000048   Code   RO          226    i.HAL_TIM_MspPostInit  stm32g0xx_hal_msp.o
    0x080034f4   0x080034f4   0x0000011e   Code   RO         3073    i.HAL_TIM_PWM_ConfigChannel  stm32g0xx_hal_tim.o
    0x08003612   0x08003612   0x0000004c   Code   RO         3076    i.HAL_TIM_PWM_Init  stm32g0xx_hal_tim.o
    0x0800365e   0x0800365e   0x00000002   Code   RO         3078    i.HAL_TIM_PWM_MspInit  stm32g0xx_hal_tim.o
    0x08003660   0x08003660   0x000000d4   Code   RO         3081    i.HAL_TIM_PWM_Start  stm32g0xx_hal_tim.o
    0x08003734   0x08003734   0x0000003c   Code   RO         4426    i.HAL_UARTEx_DisableFifoMode  stm32g0xx_hal_uart_ex.o
    0x08003770   0x08003770   0x00000048   Code   RO         4434    i.HAL_UARTEx_SetRxFifoThreshold  stm32g0xx_hal_uart_ex.o
    0x080037b8   0x080037b8   0x00000046   Code   RO         4435    i.HAL_UARTEx_SetTxFifoThreshold  stm32g0xx_hal_uart_ex.o
    0x080037fe   0x080037fe   0x0000006c   Code   RO         4039    i.HAL_UART_Init     stm32g0xx_hal_uart.o
    0x0800386a   0x0800386a   0x00000002   PAD
    0x0800386c   0x0800386c   0x0000005c   Code   RO          228    i.HAL_UART_MspInit  stm32g0xx_hal_msp.o
    0x080038c8   0x080038c8   0x00000114   Code   RO         4042    i.HAL_UART_Receive  stm32g0xx_hal_uart.o
    0x080039dc   0x080039dc   0x000000d8   Code   RO         4048    i.HAL_UART_Transmit  stm32g0xx_hal_uart.o
    0x08003ab4   0x08003ab4   0x00000002   Code   RO          170    i.HardFault_Handler  stm32g0xx_it.o
    0x08003ab6   0x08003ab6   0x00000022   Code   RO         2549    i.I2C_Flush_TXDR    stm32g0xx_hal_i2c.o
    0x08003ad8   0x08003ad8   0x00000070   Code   RO         2557    i.I2C_IsAcknowledgeFailed  stm32g0xx_hal_i2c.o
    0x08003b48   0x08003b48   0x00000060   Code   RO         2560    i.I2C_RequestMemoryRead  stm32g0xx_hal_i2c.o
    0x08003ba8   0x08003ba8   0x00000060   Code   RO         2561    i.I2C_RequestMemoryWrite  stm32g0xx_hal_i2c.o
    0x08003c08   0x08003c08   0x00000028   Code   RO         2564    i.I2C_TransferConfig  stm32g0xx_hal_i2c.o
    0x08003c30   0x08003c30   0x0000004e   Code   RO         2566    i.I2C_WaitOnFlagUntilTimeout  stm32g0xx_hal_i2c.o
    0x08003c7e   0x08003c7e   0x0000004c   Code   RO         2568    i.I2C_WaitOnSTOPFlagUntilTimeout  stm32g0xx_hal_i2c.o
    0x08003cca   0x08003cca   0x00000050   Code   RO         2569    i.I2C_WaitOnTXISFlagUntilTimeout  stm32g0xx_hal_i2c.o
    0x08003d1a   0x08003d1a   0x00000008   Code   RO          766    i.LL_ADC_IsEnabled  stm32g0xx_hal_adc.o
    0x08003d22   0x08003d22   0x00000008   Code   RO          767    i.LL_ADC_REG_IsConversionOngoing  stm32g0xx_hal_adc.o
    0x08003d2a   0x08003d2a   0x00000010   Code   RO          768    i.LL_ADC_REG_IsTriggerSourceSWStart  stm32g0xx_hal_adc.o
    0x08003d3a   0x08003d3a   0x0000000e   Code   RO          770    i.LL_ADC_SetCommonPathInternalCh  stm32g0xx_hal_adc.o
    0x08003d48   0x08003d48   0x00000016   Code   RO          771    i.LL_ADC_SetSamplingTimeCommonChannels  stm32g0xx_hal_adc.o
    0x08003d5e   0x08003d5e   0x00000002   PAD
    0x08003d60   0x08003d60   0x00000068   Code   RO          476    i.MX_ADC1_Init      adc.o
    0x08003dc8   0x08003dc8   0x00000048   Code   RO          661    i.MX_DAC1_Init      dac.o
    0x08003e10   0x08003e10   0x00000028   Code   RO          563    i.MX_DMA_Init       dma.o
    0x08003e38   0x08003e38   0x00000084   Code   RO          543    i.MX_GPIO_Init      gpio.o
    0x08003ebc   0x08003ebc   0x00000054   Code   RO          703    i.MX_I2C1_Init      i2c.o
    0x08003f10   0x08003f10   0x00000030   Code   RO          586    i.MX_TIM16_Init     timer.o
    0x08003f40   0x08003f40   0x00000094   Code   RO          628    i.MX_TIM2_Init      pwm.o
    0x08003fd4   0x08003fd4   0x00000060   Code   RO          436    i.MX_USART2_UART_Init  uart.o
    0x08004034   0x08004034   0x00000002   Code   RO          171    i.NMI_Handler       stm32g0xx_it.o
    0x08004036   0x08004036   0x00000002   PAD
    0x08004038   0x08004038   0x00000018   Code   RO          629    i.PWM_Start         pwm.o
    0x08004050   0x08004050   0x00000002   Code   RO          172    i.PendSV_Handler    stm32g0xx_it.o
    0x08004052   0x08004052   0x00000002   Code   RO          173    i.SVC_Handler       stm32g0xx_it.o
    0x08004054   0x08004054   0x00000024   Code   RO          587    i.SysTick_Handler   timer.o
    0x08004078   0x08004078   0x00000078   Code   RO          523    i.SystemClock_Config  rcc.o
    0x080040f0   0x080040f0   0x00000010   Code   RO         4534    i.SystemInit        system_stm32g0xx.o
    0x08004100   0x08004100   0x0000000c   Code   RO          589    i.TIMER_time        timer.o
    0x0800410c   0x0800410c   0x00000094   Code   RO         3094    i.TIM_Base_SetConfig  stm32g0xx_hal_tim.o
    0x080041a0   0x080041a0   0x0000001a   Code   RO         3095    i.TIM_CCxChannelCmd  stm32g0xx_hal_tim.o
    0x080041ba   0x080041ba   0x00000016   Code   RO         3105    i.TIM_ETR_SetConfig  stm32g0xx_hal_tim.o
    0x080041d0   0x080041d0   0x00000014   Code   RO         3106    i.TIM_ITRx_SetConfig  stm32g0xx_hal_tim.o
    0x080041e4   0x080041e4   0x0000008c   Code   RO         3107    i.TIM_OC1_SetConfig  stm32g0xx_hal_tim.o
    0x08004270   0x08004270   0x00000084   Code   RO         3108    i.TIM_OC2_SetConfig  stm32g0xx_hal_tim.o
    0x080042f4   0x080042f4   0x00000088   Code   RO         3109    i.TIM_OC3_SetConfig  stm32g0xx_hal_tim.o
    0x0800437c   0x0800437c   0x00000074   Code   RO         3110    i.TIM_OC4_SetConfig  stm32g0xx_hal_tim.o
    0x080043f0   0x080043f0   0x00000064   Code   RO         3111    i.TIM_OC5_SetConfig  stm32g0xx_hal_tim.o
    0x08004454   0x08004454   0x0000006c   Code   RO         3112    i.TIM_OC6_SetConfig  stm32g0xx_hal_tim.o
    0x080044c0   0x080044c0   0x00000022   Code   RO         3114    i.TIM_TI1_ConfigInputStage  stm32g0xx_hal_tim.o
    0x080044e2   0x080044e2   0x00000026   Code   RO         3116    i.TIM_TI2_ConfigInputStage  stm32g0xx_hal_tim.o
    0x08004508   0x08004508   0x00000060   Code   RO         4439    i.UARTEx_SetNbDataToProcess  stm32g0xx_hal_uart_ex.o
    0x08004568   0x08004568   0x000000ca   Code   RO         4053    i.UART_AdvFeatureConfig  stm32g0xx_hal_uart.o
    0x08004632   0x08004632   0x00000002   PAD
    0x08004634   0x08004634   0x00000064   Code   RO         4054    i.UART_CheckIdleState  stm32g0xx_hal_uart.o
    0x08004698   0x08004698   0x00000024   Code   RO          437    i.UART_Receive      uart.o
    0x080046bc   0x080046bc   0x0000023c   Code   RO         4071    i.UART_SetConfig    stm32g0xx_hal_uart.o
    0x080048f8   0x080048f8   0x00000024   Code   RO          438    i.UART_Transmit     uart.o
    0x0800491c   0x0800491c   0x0000009c   Code   RO         4078    i.UART_WaitOnFlagUntilTimeout  stm32g0xx_hal_uart.o
    0x080049b8   0x080049b8   0x00000028   Code   RO         4825    i.__0sprintf        mc_p.l(printfa.o)
    0x080049e0   0x080049e0   0x0000002e   Code   RO         5000    i.__ARM_clz         mf_p.l(depilogue.o)
    0x08004a0e   0x08004a0e   0x0000001a   Code   RO          389    i.__ARM_common_switch8  terminal.o
    0x08004a28   0x08004a28   0x00000044   Code   RO         1870    i.__NVIC_SetPriority  stm32g0xx_hal_cortex.o
    0x08004a6c   0x08004a6c   0x00000008   Code   RO         4926    i.__aeabi_errno_addr  mc_p.l(errno.o)
    0x08004a74   0x08004a74   0x0000000e   Code   RO         5007    i.__scatterload_copy  mc_p.l(handlers.o)
    0x08004a82   0x08004a82   0x00000002   Code   RO         5008    i.__scatterload_null  mc_p.l(handlers.o)
    0x08004a84   0x08004a84   0x0000000e   Code   RO         5009    i.__scatterload_zeroinit  mc_p.l(handlers.o)
    0x08004a92   0x08004a92   0x00000002   PAD
    0x08004a94   0x08004a94   0x00000174   Code   RO         4830    i._fp_digits        mc_p.l(printfa.o)
    0x08004c08   0x08004c08   0x0000000e   Code   RO         4885    i._is_digit         mc_p.l(scanf_fp.o)
    0x08004c16   0x08004c16   0x00000002   PAD
    0x08004c18   0x08004c18   0x000006f0   Code   RO         4831    i._printf_core      mc_p.l(printfa.o)
    0x08005308   0x08005308   0x00000020   Code   RO         4832    i._printf_post_padding  mc_p.l(printfa.o)
    0x08005328   0x08005328   0x0000002c   Code   RO         4833    i._printf_pre_padding  mc_p.l(printfa.o)
    0x08005354   0x08005354   0x0000000a   Code   RO         4835    i._sputc            mc_p.l(printfa.o)
    0x0800535e   0x0800535e   0x00000002   PAD
    0x08005360   0x08005360   0x0000005c   Code   RO          304    i.execCommand       terminal.o
    0x080053bc   0x080053bc   0x00000054   Code   RO         4851    i.free              mc_p.l(malloc.o)
    0x08005410   0x08005410   0x0000000e   Code   RO           13    i.main              main.o
    0x0800541e   0x0800541e   0x00000002   PAD
    0x08005420   0x08005420   0x0000006c   Code   RO         4852    i.malloc            mc_p.l(malloc.o)
    0x0800548c   0x0800548c   0x00000020   Code   RO          704    i.memRead           i2c.o
    0x080054ac   0x080054ac   0x00000020   Code   RO          705    i.memWrite          i2c.o
    0x080054cc   0x080054cc   0x00000160   Code   RO          305    i.memoryWriteRead   terminal.o
    0x0800562c   0x0800562c   0x00000098   Code   RO          306    i.parse             terminal.o
    0x080056c4   0x080056c4   0x0000002c   Code   RO          307    i.sendEcho          terminal.o
    0x080056f0   0x080056f0   0x00000064   Code   RO          308    i.setPWMDutyCycle   terminal.o
    0x08005754   0x08005754   0x00000090   Code   RO          309    i.showADC_DMA_Values  terminal.o
    0x080057e4   0x080057e4   0x00000054   Code   RO          310    i.showADC_Values    terminal.o
    0x08005838   0x08005838   0x0000003c   Code   RO          311    i.showHelp          terminal.o
    0x08005874   0x08005874   0x00000060   Code   RO          312    i.showProgramRunningTime  terminal.o
    0x080058d4   0x080058d4   0x00000078   Code   RO          313    i.t_dac             terminal.o
    0x0800594c   0x0800594c   0x00000084   Code   RO          314    i.terminal_init     terminal.o
    0x080059d0   0x080059d0   0x00000034   Code   RO          315    i.toggleLED         terminal.o
    0x08005a04   0x08005a04   0x00000018   Data   RO         4079    .constdata          stm32g0xx_hal_uart.o
    0x08005a1c   0x08005a1c   0x00000040   Data   RO         4535    .constdata          system_stm32g0xx.o
    0x08005a5c   0x08005a5c   0x00000020   Data   RO         4536    .constdata          system_stm32g0xx.o
    0x08005a7c   0x08005a7c   0x00000081   Data   RO         4966    .constdata          mc_p.l(ctype_o.o)
    0x08005afd   0x08005afd   0x00000003   PAD
    0x08005b00   0x08005b00   0x00000004   Data   RO         4967    .constdata          mc_p.l(ctype_o.o)
    0x08005b04   0x08005b04   0x00000020   Data   RO         5005    Region$$Table       anon$$obj.o


    Execution Region RW_IRAM1 (Exec base: 0x20000000, Load base: 0x08005b24, Size: 0x000009d8, Max: 0x00009000, ABSOLUTE)

    Exec Addr    Load Addr    Size         Type   Attr      Idx    E Section Name        Object

    0x20000000   0x08005b24   0x000000c1   Data   RW          317    .data               terminal.o
    0x200000c1   0x08005be5   0x00000003   PAD
    0x200000c4   0x08005be8   0x00000004   Data   RW          591    .data               timer.o
    0x200000c8   0x08005bec   0x0000000c   Data   RW         2000    .data               stm32g0xx_hal.o
    0x200000d4   0x08005bf8   0x00000004   Data   RW         4537    .data               system_stm32g0xx.o
    0x200000d8   0x08005bfc   0x00000004   Data   RW         4583    .data               mc_p.l(strtok.o)
    0x200000dc   0x08005c00   0x00000004   Data   RW         4924    .data               mc_p.l(mvars.o)
    0x200000e0   0x08005c04   0x00000004   Data   RW         4925    .data               mc_p.l(mvars.o)
    0x200000e4   0x08005c08   0x00000004   Data   RW         4929    .data               mc_p.l(errno.o)
    0x200000e8        -       0x000000a1   Zero   RW          316    .bss                terminal.o
    0x20000189   0x08005c0c   0x00000003   PAD
    0x2000018c        -       0x00000090   Zero   RW          439    .bss                uart.o
    0x2000021c        -       0x00000064   Zero   RW          477    .bss                adc.o
    0x20000280        -       0x0000005c   Zero   RW          564    .bss                dma.o
    0x200002dc        -       0x0000004c   Zero   RW          590    .bss                timer.o
    0x20000328        -       0x0000004c   Zero   RW          630    .bss                pwm.o
    0x20000374        -       0x00000014   Zero   RW          662    .bss                dac.o
    0x20000388        -       0x0000004c   Zero   RW          706    .bss                i2c.o
    0x200003d4   0x08005c0c   0x00000004   PAD
    0x200003d8        -       0x00000200   Zero   RW            2    HEAP                startup_stm32g071xx.o
    0x200005d8        -       0x00000400   Zero   RW            1    STACK               startup_stm32g071xx.o


==============================================================================

Image component sizes


      Code (inc. data)   RO Data    RW Data    ZI Data      Debug   Object Name

       196         32          0          0        100       2986   adc.o
       180         36          0          0         20       2650   dac.o
        40          4          0          0         92        866   dma.o
       132          6          0          0          0        891   gpio.o
       148         22          0          0         76       1996   i2c.o
        18          0          0          0          0     500736   main.o
       172          8          0          0         76       1251   pwm.o
       120          4          0          0          0        597   rcc.o
        28          8        188          0       1536        620   startup_stm32g071xx.o
       196         30          0         12          0      18980   stm32g0xx_hal.o
      2400        120          0          0          0      49290   stm32g0xx_hal_adc.o
       148         24          0          0          0      12053   stm32g0xx_hal_cortex.o
       480          8          0          0          0       4784   stm32g0xx_hal_dac.o
       764         36          0          0          0       5471   stm32g0xx_hal_dma.o
       376         18          0          0          0       2825   stm32g0xx_hal_gpio.o
      1464         36          0          0          0      11234   stm32g0xx_hal_i2c.o
       146          0          0          0          0       1871   stm32g0xx_hal_i2c_ex.o
       616         64          0          0          0       4860   stm32g0xx_hal_msp.o
        76         14          0          0          0        734   stm32g0xx_hal_pwr_ex.o
      1532         88          0          0          0      23453   stm32g0xx_hal_rcc.o
       480         20          0          0          0       1724   stm32g0xx_hal_rcc_ex.o
      1888        182          0          0          0      13424   stm32g0xx_hal_tim.o
       116         12          0          0          0       1376   stm32g0xx_hal_tim_ex.o
      1630         60         24          0          0      26717   stm32g0xx_hal_uart.o
       298         16          0          0          0       3593   stm32g0xx_hal_uart_ex.o
        24          6          0          0          0       2108   stm32g0xx_it.o
        16          6         96          4          0       1111   system_stm32g0xx.o
      1454        356          0        193        161       7432   terminal.o
        96         26          0          4         76       1473   timer.o
       168         20          0          0        144       2110   uart.o

    ----------------------------------------------------------------------
     15418       1262        340        216       2288     709216   Object Totals
         0          0         32          0          0          0   (incl. Generated)
        16          0          0          3          7          0   (incl. Padding)

    ----------------------------------------------------------------------

      Code (inc. data)   RO Data    RW Data    ZI Data      Debug   Library Member Name

        60         10          0          0          0         84   __0sscanf.o
        30          0          0          0          0         60   _chval.o
       828         14          0          0          0         84   _scanf.o
       330          0          0          0          0         84   _scanf_int.o
        68          0          0          0          0         76   _sgetc.o
       166          0          0          0          0         84   _strtoul.o
        26          0          0          0          0         72   atoi.o
         8          4        133          0          0         60   ctype_o.o
         0          0          0          0          0          0   entry.o
         0          0          0          0          0          0   entry10a.o
         0          0          0          0          0          0   entry11a.o
         4          0          0          0          0          0   entry12b.o
         8          4          0          0          0          0   entry2.o
         4          0          0          0          0          0   entry5.o
         0          0          0          0          0          0   entry7b.o
         0          0          0          0          0          0   entry8b.o
         8          4          0          0          0          0   entry9a.o
         8          4          0          4          0         60   errno.o
        30          0          0          0          0          0   handlers.o
        36          8          0          0          0         68   init.o
        18          0          0          0          0         68   isspace_o.o
         0          0          0          0          0          0   iusefp.o
       122          0          0          0          0         84   llmul.o
        32          0          0          0          0         68   llshl.o
        38          0          0          0          0         68   llsshr.o
        34          0          0          0          0         68   llushr.o
       192         20          0          0          0        144   malloc.o
        36          0          0          0          0         60   memcpya.o
        36          0          0          0          0        100   memseta.o
         0          0          0          8          0          0   mvars.o
      2274         94          0          0          0        472   printfa.o
        44          8          0          0          0         84   scanf_char.o
       898         12          0          0          0        184   scanf_fp.o
        28          0          0          0          0         68   strcmp.o
        18          0          0          0          0         60   strcpy.o
        14          0          0          0          0         60   strlen.o
        72          4          0          4          0         72   strtok.o
       112          4          0          0          0         76   strtol.o
        44          0          0          0          0         72   uidiv.o
        96          0          0          0          0         84   uldiv.o
        40          2          0          0          0         68   cdrcmple.o
        56          0          0          0          0         68   d2f.o
       360          6          0          0          0        140   dadd.o
       240          6          0          0          0         84   ddiv.o
       236          0          0          0          0        216   depilogue.o
        64         10          0          0          0         68   dfixul.o
        28          6          0          0          0         68   dfltul.o
       208          6          0          0          0         88   dmul.o
        40          0          0          0          0         60   f2d.o
       124          0          0          0          0         72   fdiv.o
       130          0          0          0          0        144   fepilogue.o
        40          0          0          0          0         60   ffixui.o
        14          0          0          0          0         68   ffltui.o
       122          0          0          0          0         72   fmul.o

    ----------------------------------------------------------------------
      7438        226        136         16          0       3900   Library Totals
        14          0          3          0          0          0   (incl. Padding)

    ----------------------------------------------------------------------

      Code (inc. data)   RO Data    RW Data    ZI Data      Debug   Library Name

      5722        190        133         16          0       2624   mc_p.l
      1702         36          0          0          0       1276   mf_p.l

    ----------------------------------------------------------------------
      7438        226        136         16          0       3900   Library Totals

    ----------------------------------------------------------------------

==============================================================================


      Code (inc. data)   RO Data    RW Data    ZI Data      Debug   

     22856       1488        476        232       2288     704724   Grand Totals
     22856       1488        476        232       2288     704724   ELF Image Totals
     22856       1488        476        232          0          0   ROM Totals

==============================================================================

    Total RO  Size (Code + RO Data)                23332 (  22.79kB)
    Total RW  Size (RW Data + ZI Data)              2520 (   2.46kB)
    Total ROM Size (Code + RO Data + RW Data)      23564 (  23.01kB)

==============================================================================

